[INFO] Scanning for projects...
Downloading from central: https://repo.maven.apache.org/maven2/org/jooq/maven-metadata.xml
Downloading from central: https://repo.maven.apache.org/maven2/io/github/git-commit-id/maven-metadata.xml
Downloading from central: https://repo.maven.apache.org/maven2/org/flywaydb/maven-metadata.xml
Downloading from central: https://repo.maven.apache.org/maven2/org/springframework/boot/maven-metadata.xml
Progress (1): 234 B
Progress (2): 234 B | 255 B
Progress (3): 234 B | 255 B | 249 B
Progress (4): 234 B | 255 B | 249 B | 398 B
                                           
Downloaded from central: https://repo.maven.apache.org/maven2/org/flywaydb/maven-metadata.xml (234 B at 339 B/s)
Downloaded from central: https://repo.maven.apache.org/maven2/org/springframework/boot/maven-metadata.xml (249 B at 360 B/s)
Downloaded from central: https://repo.maven.apache.org/maven2/org/jooq/maven-metadata.xml (398 B at 575 B/s)
Downloading from central: https://repo.maven.apache.org/maven2/org/liquibase/maven-metadata.xml
Downloading from central: https://repo.maven.apache.org/maven2/org/jetbrains/kotlin/maven-metadata.xml
Downloaded from central: https://repo.maven.apache.org/maven2/io/github/git-commit-id/maven-metadata.xml (255 B at 369 B/s)
Downloading from central: https://repo.maven.apache.org/maven2/org/graalvm/buildtools/maven-metadata.xml
Downloading from central: https://repo.maven.apache.org/maven2/org/apache/maven/plugins/maven-metadata.xml
Progress (1): 242 B
                   
Downloaded from central: https://repo.maven.apache.org/maven2/org/graalvm/buildtools/maven-metadata.xml (242 B at 4.0 kB/s)
Downloading from central: https://repo.maven.apache.org/maven2/org/codehaus/mojo/maven-metadata.xml
Progress (1): 375 B
Progress (2): 375 B | 394 B
Progress (3): 375 B | 394 B | 3.8 kB
Progress (3): 375 B | 394 B | 9.3 kB
Progress (3): 375 B | 394 B | 14 kB 
                                   
Downloaded from central: https://repo.maven.apache.org/maven2/org/jetbrains/kotlin/maven-metadata.xml (375 B at 5.0 kB/s)
Downloaded from central: https://repo.maven.apache.org/maven2/org/liquibase/maven-metadata.xml (394 B at 5.2 kB/s)
Downloaded from central: https://repo.maven.apache.org/maven2/org/apache/maven/plugins/maven-metadata.xml (14 kB at 183 kB/s)
Progress (1): 3.1 kB
Progress (1): 7.7 kB
Progress (1): 12 kB 
Progress (1): 17 kB
Progress (1): 20 kB
Progress (1): 21 kB
                   
Downloaded from central: https://repo.maven.apache.org/maven2/org/codehaus/mojo/maven-metadata.xml (21 kB at 140 kB/s)
[INFO] 
[INFO] -------------------< com.readingbuddy:readingbuddy >--------------------
[INFO] Building ReadingBuddy 0.0.1-SNAPSHOT
[INFO]   from pom.xml
[INFO] --------------------------------[ jar ]---------------------------------
[INFO] 
[INFO] >>> spring-boot:3.2.5:run (default-cli) > test-compile @ readingbuddy >>>
Downloading from central: https://repo.maven.apache.org/maven2/net/bytebuddy/byte-buddy/1.14.13/byte-buddy-1.14.13.jar
Progress (1): 0/4.2 MB
Progress (1): 0/4.2 MB
Progress (1): 0/4.2 MB
Progress (1): 0/4.2 MB
Progress (1): 0/4.2 MB
Progress (1): 0/4.2 MB
Progress (1): 0/4.2 MB
Progress (1): 0/4.2 MB
Progress (1): 0/4.2 MB
Progress (1): 0/4.2 MB
Progress (1): 0/4.2 MB
Progress (1): 0/4.2 MB
Progress (1): 0/4.2 MB
Progress (1): 0/4.2 MB
Progress (1): 0/4.2 MB
Progress (1): 0/4.2 MB
Progress (1): 0/4.2 MB
Progress (1): 0/4.2 MB
Progress (1): 0/4.2 MB
Progress (1): 0/4.2 MB
Progress (1): 0/4.2 MB
Progress (1): 0/4.2 MB
Progress (1): 0/4.2 MB
Progress (1): 0/4.2 MB
Progress (1): 0/4.2 MB
Progress (1): 0/4.2 MB
Progress (1): 0/4.2 MB
Progress (1): 0/4.2 MB
Progress (1): 0/4.2 MB
Progress (1): 0/4.2 MB
Progress (1): 0/4.2 MB
Progress (1): 0/4.2 MB
Progress (1): 0/4.2 MB
Progress (1): 0.1/4.2 MB
Progress (1): 0.1/4.2 MB
Progress (1): 0.1/4.2 MB
Progress (1): 0.1/4.2 MB
Progress (1): 0.1/4.2 MB
Progress (1): 0.1/4.2 MB
Progress (1): 0.1/4.2 MB
Progress (1): 0.1/4.2 MB
Progress (1): 0.1/4.2 MB
Progress (1): 0.1/4.2 MB
Progress (1): 0.1/4.2 MB
Progress (1): 0.1/4.2 MB
Progress (1): 0.1/4.2 MB
Progress (1): 0.1/4.2 MB
Progress (1): 0.1/4.2 MB
Progress (1): 0.1/4.2 MB
Progress (1): 0.1/4.2 MB
Progress (1): 0.1/4.2 MB
Progress (1): 0.1/4.2 MB
Progress (1): 0.1/4.2 MB
Progress (1): 0.1/4.2 MB
Progress (1): 0.1/4.2 MB
Progress (1): 0.1/4.2 MB
Progress (1): 0.1/4.2 MB
Progress (1): 0.1/4.2 MB
Progress (1): 0.2/4.2 MB
Progress (1): 0.2/4.2 MB
Progress (1): 0.2/4.2 MB
Progress (1): 0.2/4.2 MB
Progress (1): 0.2/4.2 MB
Progress (1): 0.2/4.2 MB
Progress (1): 0.2/4.2 MB
Progress (1): 0.2/4.2 MB
Progress (1): 0.2/4.2 MB
Progress (1): 0.2/4.2 MB
Progress (1): 0.2/4.2 MB
Progress (1): 0.2/4.2 MB
Progress (1): 0.2/4.2 MB
Progress (1): 0.2/4.2 MB
Progress (1): 0.2/4.2 MB
Progress (1): 0.2/4.2 MB
Progress (1): 0.3/4.2 MB
Progress (1): 0.3/4.2 MB
Progress (1): 0.3/4.2 MB
Progress (1): 0.3/4.2 MB
Progress (1): 0.3/4.2 MB
Progress (1): 0.3/4.2 MB
Progress (1): 0.3/4.2 MB
Progress (1): 0.4/4.2 MB
Progress (1): 0.4/4.2 MB
Progress (1): 0.4/4.2 MB
Progress (1): 0.4/4.2 MB
Progress (1): 0.4/4.2 MB
Progress (1): 0.4/4.2 MB
Progress (1): 0.5/4.2 MB
Progress (1): 0.5/4.2 MB
Progress (1): 0.5/4.2 MB
Progress (1): 0.5/4.2 MB
Progress (1): 0.5/4.2 MB
Progress (1): 0.5/4.2 MB
Progress (1): 0.6/4.2 MB
Progress (1): 0.6/4.2 MB
Progress (1): 0.6/4.2 MB
Progress (1): 0.6/4.2 MB
Progress (1): 0.6/4.2 MB
Progress (1): 0.6/4.2 MB
Progress (1): 0.6/4.2 MB
Progress (1): 0.7/4.2 MB
Progress (1): 0.7/4.2 MB
Progress (1): 0.7/4.2 MB
Progress (1): 0.7/4.2 MB
Progress (1): 0.7/4.2 MB
Progress (1): 0.7/4.2 MB
Progress (1): 0.8/4.2 MB
Progress (1): 0.8/4.2 MB
Progress (1): 0.8/4.2 MB
Progress (1): 0.8/4.2 MB
Progress (1): 0.8/4.2 MB
Progress (1): 0.8/4.2 MB
Progress (1): 0.9/4.2 MB
Progress (1): 0.9/4.2 MB
Progress (1): 0.9/4.2 MB
Progress (1): 0.9/4.2 MB
Progress (1): 0.9/4.2 MB
Progress (1): 0.9/4.2 MB
Progress (1): 1.0/4.2 MB
Progress (1): 1.0/4.2 MB
Progress (1): 1.0/4.2 MB
Progress (1): 1.0/4.2 MB
Progress (1): 1.0/4.2 MB
Progress (1): 1.0/4.2 MB
Progress (1): 1.0/4.2 MB
Progress (1): 1.1/4.2 MB
Progress (1): 1.1/4.2 MB
Progress (1): 1.1/4.2 MB
Progress (1): 1.1/4.2 MB
Progress (1): 1.1/4.2 MB
Progress (1): 1.1/4.2 MB
Progress (1): 1.2/4.2 MB
Progress (1): 1.2/4.2 MB
Progress (1): 1.2/4.2 MB
Progress (1): 1.2/4.2 MB
Progress (1): 1.2/4.2 MB
Progress (1): 1.2/4.2 MB
Progress (1): 1.3/4.2 MB
Progress (1): 1.3/4.2 MB
Progress (1): 1.3/4.2 MB
Progress (1): 1.3/4.2 MB
Progress (1): 1.3/4.2 MB
Progress (1): 1.3/4.2 MB
Progress (1): 1.4/4.2 MB
Progress (1): 1.4/4.2 MB
Progress (1): 1.4/4.2 MB
Progress (1): 1.4/4.2 MB
Progress (1): 1.4/4.2 MB
Progress (1): 1.4/4.2 MB
Progress (1): 1.5/4.2 MB
Progress (1): 1.5/4.2 MB
Progress (1): 1.5/4.2 MB
Progress (1): 1.5/4.2 MB
Progress (1): 1.5/4.2 MB
Progress (1): 1.5/4.2 MB
Progress (1): 1.6/4.2 MB
Progress (1): 1.6/4.2 MB
Progress (1): 1.6/4.2 MB
Progress (1): 1.6/4.2 MB
Progress (1): 1.6/4.2 MB
Progress (1): 1.6/4.2 MB
Progress (1): 1.6/4.2 MB
Progress (1): 1.7/4.2 MB
Progress (1): 1.7/4.2 MB
Progress (1): 1.7/4.2 MB
Progress (1): 1.7/4.2 MB
Progress (1): 1.7/4.2 MB
Progress (1): 1.7/4.2 MB
Progress (1): 1.8/4.2 MB
Progress (1): 1.8/4.2 MB
Progress (1): 1.8/4.2 MB
Progress (1): 1.8/4.2 MB
Progress (1): 1.8/4.2 MB
Progress (1): 1.8/4.2 MB
Progress (1): 1.9/4.2 MB
Progress (1): 1.9/4.2 MB
Progress (1): 1.9/4.2 MB
Progress (1): 1.9/4.2 MB
Progress (1): 1.9/4.2 MB
Progress (1): 1.9/4.2 MB
Progress (1): 2.0/4.2 MB
Progress (1): 2.0/4.2 MB
Progress (1): 2.0/4.2 MB
Progress (1): 2.0/4.2 MB
Progress (1): 2.0/4.2 MB
Progress (1): 2.0/4.2 MB
Progress (1): 2.1/4.2 MB
Progress (1): 2.1/4.2 MB
Progress (1): 2.1/4.2 MB
Progress (1): 2.1/4.2 MB
Progress (1): 2.1/4.2 MB
Progress (1): 2.1/4.2 MB
Progress (1): 2.2/4.2 MB
Progress (1): 2.2/4.2 MB
Progress (1): 2.2/4.2 MB
Progress (1): 2.2/4.2 MB
Progress (1): 2.2/4.2 MB
Progress (1): 2.2/4.2 MB
Progress (1): 2.3/4.2 MB
Progress (1): 2.3/4.2 MB
Progress (1): 2.3/4.2 MB
Progress (1): 2.3/4.2 MB
Progress (1): 2.3/4.2 MB
Progress (1): 2.3/4.2 MB
Progress (1): 2.4/4.2 MB
Progress (1): 2.4/4.2 MB
Progress (1): 2.4/4.2 MB
Progress (1): 2.4/4.2 MB
Progress (1): 2.4/4.2 MB
Progress (1): 2.4/4.2 MB
Progress (1): 2.5/4.2 MB
Progress (1): 2.5/4.2 MB
Progress (1): 2.5/4.2 MB
Progress (1): 2.5/4.2 MB
Progress (1): 2.5/4.2 MB
Progress (1): 2.5/4.2 MB
Progress (1): 2.6/4.2 MB
Progress (1): 2.6/4.2 MB
Progress (1): 2.6/4.2 MB
Progress (1): 2.6/4.2 MB
Progress (1): 2.6/4.2 MB
Progress (1): 2.6/4.2 MB
Progress (1): 2.6/4.2 MB
Progress (1): 2.7/4.2 MB
Progress (1): 2.7/4.2 MB
Progress (1): 2.7/4.2 MB
Progress (1): 2.7/4.2 MB
Progress (1): 2.7/4.2 MB
Progress (1): 2.7/4.2 MB
Progress (1): 2.8/4.2 MB
Progress (1): 2.8/4.2 MB
Progress (1): 2.8/4.2 MB
Progress (1): 2.8/4.2 MB
Progress (1): 2.8/4.2 MB
Progress (1): 2.8/4.2 MB
Progress (1): 2.9/4.2 MB
Progress (1): 2.9/4.2 MB
Progress (1): 2.9/4.2 MB
Progress (1): 2.9/4.2 MB
Progress (1): 2.9/4.2 MB
Progress (1): 2.9/4.2 MB
Progress (1): 3.0/4.2 MB
Progress (1): 3.0/4.2 MB
Progress (1): 3.0/4.2 MB
Progress (1): 3.0/4.2 MB
Progress (1): 3.0/4.2 MB
Progress (1): 3.0/4.2 MB
Progress (1): 3.1/4.2 MB
Progress (1): 3.1/4.2 MB
Progress (1): 3.1/4.2 MB
Progress (1): 3.1/4.2 MB
Progress (1): 3.1/4.2 MB
Progress (1): 3.1/4.2 MB
Progress (1): 3.2/4.2 MB
Progress (1): 3.2/4.2 MB
Progress (1): 3.2/4.2 MB
Progress (1): 3.2/4.2 MB
Progress (1): 3.2/4.2 MB
Progress (1): 3.2/4.2 MB
Progress (1): 3.3/4.2 MB
Progress (1): 3.3/4.2 MB
Progress (1): 3.3/4.2 MB
Progress (1): 3.3/4.2 MB
Progress (1): 3.3/4.2 MB
Progress (1): 3.3/4.2 MB
Progress (1): 3.4/4.2 MB
Progress (1): 3.4/4.2 MB
Progress (1): 3.4/4.2 MB
Progress (1): 3.4/4.2 MB
Progress (1): 3.4/4.2 MB
Progress (1): 3.4/4.2 MB
Progress (1): 3.5/4.2 MB
Progress (1): 3.5/4.2 MB
Progress (1): 3.5/4.2 MB
Progress (1): 3.5/4.2 MB
Progress (1): 3.5/4.2 MB
Progress (1): 3.5/4.2 MB
Progress (1): 3.6/4.2 MB
Progress (1): 3.6/4.2 MB
Progress (1): 3.6/4.2 MB
Progress (1): 3.6/4.2 MB
Progress (1): 3.6/4.2 MB
Progress (1): 3.6/4.2 MB
Progress (1): 3.6/4.2 MB
Progress (1): 3.7/4.2 MB
Progress (1): 3.7/4.2 MB
Progress (1): 3.7/4.2 MB
Progress (1): 3.7/4.2 MB
Progress (1): 3.7/4.2 MB
Progress (1): 3.7/4.2 MB
Progress (1): 3.8/4.2 MB
Progress (1): 3.8/4.2 MB
Progress (1): 3.8/4.2 MB
Progress (1): 3.8/4.2 MB
Progress (1): 3.8/4.2 MB
Progress (1): 3.8/4.2 MB
Progress (1): 3.9/4.2 MB
Progress (1): 3.9/4.2 MB
Progress (1): 3.9/4.2 MB
Progress (1): 3.9/4.2 MB
Progress (1): 3.9/4.2 MB
Progress (1): 3.9/4.2 MB
Progress (1): 4.0/4.2 MB
Progress (1): 4.0/4.2 MB
Progress (1): 4.0/4.2 MB
Progress (1): 4.0/4.2 MB
Progress (1): 4.0/4.2 MB
Progress (1): 4.0/4.2 MB
Progress (1): 4.1/4.2 MB
Progress (1): 4.1/4.2 MB
Progress (1): 4.1/4.2 MB
Progress (1): 4.1/4.2 MB
Progress (1): 4.1/4.2 MB
Progress (1): 4.1/4.2 MB
Progress (1): 4.2/4.2 MB
Progress (1): 4.2/4.2 MB
Progress (1): 4.2/4.2 MB
Progress (1): 4.2/4.2 MB
Progress (1): 4.2 MB    
                    
Downloaded from central: https://repo.maven.apache.org/maven2/net/bytebuddy/byte-buddy/1.14.13/byte-buddy-1.14.13.jar (4.2 MB at 229 kB/s)
Downloading from central: https://repo.maven.apache.org/maven2/com/h2database/h2/2.2.224/h2-2.2.224.jar
Downloading from central: https://repo.maven.apache.org/maven2/io/jsonwebtoken/jjwt-impl/0.12.5/jjwt-impl-0.12.5.jar
Downloading from central: https://repo.maven.apache.org/maven2/io/jsonwebtoken/jjwt-jackson/0.12.5/jjwt-jackson-0.12.5.jar
Progress (1): 0.9/9.4 kB
Progress (1): 2.3/9.4 kB
Progress (1): 3.6/9.4 kB
Progress (1): 5.0/9.4 kB
Progress (1): 6.4/9.4 kB
Progress (1): 7.7/9.4 kB
Progress (1): 9.1/9.4 kB
Progress (1): 9.4 kB    
Progress (2): 9.4 kB | 0.9/473 kB
Progress (2): 9.4 kB | 2.3/473 kB
Progress (2): 9.4 kB | 3.6/473 kB
Progress (2): 9.4 kB | 5.0/473 kB
Progress (2): 9.4 kB | 6.4/473 kB
Progress (2): 9.4 kB | 7.7/473 kB
Progress (2): 9.4 kB | 9.1/473 kB
Progress (2): 9.4 kB | 10/473 kB 
Progress (2): 9.4 kB | 12/473 kB
Progress (2): 9.4 kB | 13/473 kB
Progress (2): 9.4 kB | 15/473 kB
Progress (2): 9.4 kB | 16/473 kB
Progress (2): 9.4 kB | 17/473 kB
Progress (2): 9.4 kB | 19/473 kB
Progress (2): 9.4 kB | 20/473 kB
Progress (2): 9.4 kB | 21/473 kB
Progress (2): 9.4 kB | 23/473 kB
Progress (2): 9.4 kB | 24/473 kB
Progress (2): 9.4 kB | 26/473 kB
Progress (2): 9.4 kB | 27/473 kB
Progress (2): 9.4 kB | 28/473 kB
Progress (2): 9.4 kB | 30/473 kB
Progress (2): 9.4 kB | 31/473 kB
Progress (2): 9.4 kB | 32/473 kB
Progress (2): 9.4 kB | 33/473 kB
Progress (2): 9.4 kB | 35/473 kB
                                
Downloaded from central: https://repo.maven.apache.org/maven2/io/jsonwebtoken/jjwt-jackson/0.12.5/jjwt-jackson-0.12.5.jar (9.4 kB at 83 kB/s)
Progress (1): 36/473 kB
Progress (1): 37/473 kB
Progress (1): 39/473 kB
Progress (1): 40/473 kB
Progress (1): 41/473 kB
Progress (1): 43/473 kB
Progress (1): 44/473 kB
Progress (1): 46/473 kB
Progress (1): 47/473 kB
Progress (1): 48/473 kB
Progress (1): 53/473 kB
Progress (1): 57/473 kB
Progress (1): 61/473 kB
Progress (2): 61/473 kB | 0/2.6 MB
Progress (2): 65/473 kB | 0/2.6 MB
Progress (2): 65/473 kB | 0/2.6 MB
Progress (2): 69/473 kB | 0/2.6 MB
Progress (2): 74/473 kB | 0/2.6 MB
Progress (2): 78/473 kB | 0/2.6 MB
Progress (2): 82/473 kB | 0/2.6 MB
Progress (2): 86/473 kB | 0/2.6 MB
Progress (2): 91/473 kB | 0/2.6 MB
Progress (2): 95/473 kB | 0/2.6 MB
Progress (2): 99/473 kB | 0/2.6 MB
Progress (2): 103/473 kB | 0/2.6 MB
Progress (2): 108/473 kB | 0/2.6 MB
Progress (2): 112/473 kB | 0/2.6 MB
Progress (2): 116/473 kB | 0/2.6 MB
Progress (2): 120/473 kB | 0/2.6 MB
Progress (2): 120/473 kB | 0/2.6 MB
Progress (2): 124/473 kB | 0/2.6 MB
Progress (2): 129/473 kB | 0/2.6 MB
Progress (2): 131/473 kB | 0/2.6 MB
Progress (2): 135/473 kB | 0/2.6 MB
Progress (2): 140/473 kB | 0/2.6 MB
Progress (2): 144/473 kB | 0/2.6 MB
Progress (2): 148/473 kB | 0/2.6 MB
Progress (2): 152/473 kB | 0/2.6 MB
Progress (2): 156/473 kB | 0/2.6 MB
Progress (2): 161/473 kB | 0/2.6 MB
Progress (2): 165/473 kB | 0/2.6 MB
Progress (2): 169/473 kB | 0/2.6 MB
Progress (2): 173/473 kB | 0/2.6 MB
Progress (2): 178/473 kB | 0/2.6 MB
Progress (2): 182/473 kB | 0/2.6 MB
Progress (2): 186/473 kB | 0/2.6 MB
Progress (2): 190/473 kB | 0/2.6 MB
Progress (2): 195/473 kB | 0/2.6 MB
Progress (2): 199/473 kB | 0/2.6 MB
Progress (2): 199/473 kB | 0/2.6 MB
Progress (2): 203/473 kB | 0/2.6 MB
Progress (2): 207/473 kB | 0/2.6 MB
Progress (2): 211/473 kB | 0/2.6 MB
Progress (2): 216/473 kB | 0/2.6 MB
Progress (2): 232/473 kB | 0/2.6 MB
Progress (2): 248/473 kB | 0/2.6 MB
Progress (2): 262/473 kB | 0/2.6 MB
Progress (2): 279/473 kB | 0/2.6 MB
Progress (2): 295/473 kB | 0/2.6 MB
Progress (2): 311/473 kB | 0/2.6 MB
Progress (2): 328/473 kB | 0/2.6 MB
Progress (2): 344/473 kB | 0/2.6 MB
Progress (2): 344/473 kB | 0.1/2.6 MB
Progress (2): 344/473 kB | 0.1/2.6 MB
Progress (2): 344/473 kB | 0.1/2.6 MB
Progress (2): 360/473 kB | 0.1/2.6 MB
Progress (2): 360/473 kB | 0.1/2.6 MB
Progress (2): 360/473 kB | 0.1/2.6 MB
Progress (2): 360/473 kB | 0.1/2.6 MB
Progress (2): 360/473 kB | 0.2/2.6 MB
Progress (2): 360/473 kB | 0.2/2.6 MB
Progress (2): 360/473 kB | 0.2/2.6 MB
Progress (2): 360/473 kB | 0.2/2.6 MB
Progress (2): 377/473 kB | 0.2/2.6 MB
Progress (2): 377/473 kB | 0.2/2.6 MB
Progress (2): 377/473 kB | 0.2/2.6 MB
Progress (2): 393/473 kB | 0.2/2.6 MB
Progress (2): 393/473 kB | 0.3/2.6 MB
Progress (2): 393/473 kB | 0.3/2.6 MB
Progress (2): 410/473 kB | 0.3/2.6 MB
Progress (2): 410/473 kB | 0.3/2.6 MB
Progress (2): 410/473 kB | 0.3/2.6 MB
Progress (2): 426/473 kB | 0.3/2.6 MB
Progress (2): 426/473 kB | 0.3/2.6 MB
Progress (2): 442/473 kB | 0.3/2.6 MB
Progress (2): 442/473 kB | 0.3/2.6 MB
Progress (2): 442/473 kB | 0.4/2.6 MB
Progress (2): 459/473 kB | 0.4/2.6 MB
Progress (2): 459/473 kB | 0.4/2.6 MB
Progress (2): 473 kB | 0.4/2.6 MB    
                                 
Downloaded from central: https://repo.maven.apache.org/maven2/io/jsonwebtoken/jjwt-impl/0.12.5/jjwt-impl-0.12.5.jar (473 kB at 159 kB/s)
Progress (1): 0.4/2.6 MB
Progress (1): 0.4/2.6 MB
Progress (1): 0.4/2.6 MB
Progress (1): 0.4/2.6 MB
Progress (1): 0.5/2.6 MB
Progress (1): 0.5/2.6 MB
Progress (1): 0.5/2.6 MB
Progress (1): 0.5/2.6 MB
Progress (1): 0.5/2.6 MB
Progress (1): 0.5/2.6 MB
Progress (1): 0.6/2.6 MB
Progress (1): 0.6/2.6 MB
Progress (1): 0.6/2.6 MB
Progress (1): 0.6/2.6 MB
Progress (1): 0.6/2.6 MB
Progress (1): 0.6/2.6 MB
Progress (1): 0.7/2.6 MB
Progress (1): 0.7/2.6 MB
Progress (1): 0.7/2.6 MB
Progress (1): 0.7/2.6 MB
Progress (1): 0.7/2.6 MB
Progress (1): 0.7/2.6 MB
Progress (1): 0.7/2.6 MB
Progress (1): 0.8/2.6 MB
Progress (1): 0.8/2.6 MB
Progress (1): 0.8/2.6 MB
Progress (1): 0.8/2.6 MB
Progress (1): 0.8/2.6 MB
Progress (1): 0.8/2.6 MB
Progress (1): 0.9/2.6 MB
Progress (1): 0.9/2.6 MB
Progress (1): 0.9/2.6 MB
Progress (1): 0.9/2.6 MB
Progress (1): 0.9/2.6 MB
Progress (1): 0.9/2.6 MB
Progress (1): 1.0/2.6 MB
Progress (1): 1.0/2.6 MB
Progress (1): 1.0/2.6 MB
Progress (1): 1.0/2.6 MB
Progress (1): 1.0/2.6 MB
Progress (1): 1.0/2.6 MB
Progress (1): 1.1/2.6 MB
Progress (1): 1.1/2.6 MB
Progress (1): 1.1/2.6 MB
Progress (1): 1.1/2.6 MB
Progress (1): 1.1/2.6 MB
Progress (1): 1.1/2.6 MB
Progress (1): 1.2/2.6 MB
Progress (1): 1.2/2.6 MB
Progress (1): 1.2/2.6 MB
Progress (1): 1.2/2.6 MB
Progress (1): 1.2/2.6 MB
Progress (1): 1.2/2.6 MB
Progress (1): 1.3/2.6 MB
Progress (1): 1.3/2.6 MB
Progress (1): 1.3/2.6 MB
Progress (1): 1.3/2.6 MB
Progress (1): 1.3/2.6 MB
Progress (1): 1.3/2.6 MB
Progress (1): 1.4/2.6 MB
Progress (1): 1.4/2.6 MB
Progress (1): 1.4/2.6 MB
Progress (1): 1.4/2.6 MB
Progress (1): 1.4/2.6 MB
Progress (1): 1.4/2.6 MB
Progress (1): 1.5/2.6 MB
Progress (1): 1.5/2.6 MB
Progress (1): 1.5/2.6 MB
Progress (1): 1.5/2.6 MB
Progress (1): 1.5/2.6 MB
Progress (1): 1.5/2.6 MB
Progress (1): 1.6/2.6 MB
Progress (1): 1.6/2.6 MB
Progress (1): 1.6/2.6 MB
Progress (1): 1.6/2.6 MB
Progress (1): 1.6/2.6 MB
Progress (1): 1.6/2.6 MB
Progress (1): 1.7/2.6 MB
Progress (1): 1.7/2.6 MB
Progress (1): 1.7/2.6 MB
Progress (1): 1.7/2.6 MB
Progress (1): 1.7/2.6 MB
Progress (1): 1.7/2.6 MB
Progress (1): 1.7/2.6 MB
Progress (1): 1.8/2.6 MB
Progress (1): 1.8/2.6 MB
Progress (1): 1.8/2.6 MB
Progress (1): 1.8/2.6 MB
Progress (1): 1.8/2.6 MB
Progress (1): 1.8/2.6 MB
Progress (1): 1.9/2.6 MB
Progress (1): 1.9/2.6 MB
Progress (1): 1.9/2.6 MB
Progress (1): 1.9/2.6 MB
Progress (1): 1.9/2.6 MB
Progress (1): 1.9/2.6 MB
Progress (1): 2.0/2.6 MB
Progress (1): 2.0/2.6 MB
Progress (1): 2.0/2.6 MB
Progress (1): 2.0/2.6 MB
Progress (1): 2.0/2.6 MB
Progress (1): 2.0/2.6 MB
Progress (1): 2.1/2.6 MB
Progress (1): 2.1/2.6 MB
Progress (1): 2.1/2.6 MB
Progress (1): 2.1/2.6 MB
Progress (1): 2.1/2.6 MB
Progress (1): 2.1/2.6 MB
Progress (1): 2.2/2.6 MB
Progress (1): 2.2/2.6 MB
Progress (1): 2.2/2.6 MB
Progress (1): 2.2/2.6 MB
Progress (1): 2.2/2.6 MB
Progress (1): 2.2/2.6 MB
Progress (1): 2.3/2.6 MB
Progress (1): 2.3/2.6 MB
Progress (1): 2.3/2.6 MB
Progress (1): 2.3/2.6 MB
Progress (1): 2.3/2.6 MB
Progress (1): 2.3/2.6 MB
Progress (1): 2.4/2.6 MB
Progress (1): 2.4/2.6 MB
Progress (1): 2.4/2.6 MB
Progress (1): 2.4/2.6 MB
Progress (1): 2.4/2.6 MB
Progress (1): 2.4/2.6 MB
Progress (1): 2.5/2.6 MB
Progress (1): 2.5/2.6 MB
Progress (1): 2.5/2.6 MB
Progress (1): 2.5/2.6 MB
Progress (1): 2.5/2.6 MB
Progress (1): 2.5/2.6 MB
Progress (1): 2.6/2.6 MB
Progress (1): 2.6/2.6 MB
Progress (1): 2.6/2.6 MB
Progress (1): 2.6/2.6 MB
Progress (1): 2.6 MB    
                    
Downloaded from central: https://repo.maven.apache.org/maven2/com/h2database/h2/2.2.224/h2-2.2.224.jar (2.6 MB at 195 kB/s)
[INFO] 
[INFO] --- resources:3.3.1:resources (default-resources) @ readingbuddy ---
[INFO] Copying 1 resource from src\main\resources to target\classes
[INFO] Copying 16 resources from src\main\resources to target\classes
[INFO] 
[INFO] --- compiler:3.11.0:compile (default-compile) @ readingbuddy ---
[INFO] Nothing to compile - all classes are up to date
[INFO] 
[INFO] --- resources:3.3.1:testResources (default-testResources) @ readingbuddy ---
[INFO] skip non existing resourceDirectory D:\ReadingBuddy\readingbuddy-spring\src\test\resources
[INFO] 
[INFO] --- compiler:3.11.0:testCompile (default-testCompile) @ readingbuddy ---
[INFO] No sources to compile
[INFO] 
[INFO] <<< spring-boot:3.2.5:run (default-cli) < test-compile @ readingbuddy <<<
[INFO] 
[INFO] 
[INFO] --- spring-boot:3.2.5:run (default-cli) @ readingbuddy ---
Downloading from central: https://repo.maven.apache.org/maven2/org/springframework/boot/spring-boot-buildpack-platform/3.2.5/spring-boot-buildpack-platform-3.2.5.pom
Progress (1): 970 B
Progress (1): 3.2 kB
                    
Downloaded from central: https://repo.maven.apache.org/maven2/org/springframework/boot/spring-boot-buildpack-platform/3.2.5/spring-boot-buildpack-platform-3.2.5.pom (3.2 kB at 24 kB/s)
Downloading from central: https://repo.maven.apache.org/maven2/org/apache/httpcomponents/client5/httpclient5/5.2.3/httpclient5-5.2.3.pom
Progress (1): 869 B
Progress (1): 3.2 kB
Progress (1): 5.5 kB
Progress (1): 6.0 kB
                    
Downloaded from central: https://repo.maven.apache.org/maven2/org/apache/httpcomponents/client5/httpclient5/5.2.3/httpclient5-5.2.3.pom (6.0 kB at 51 kB/s)
Downloading from central: https://repo.maven.apache.org/maven2/org/apache/httpcomponents/client5/httpclient5-parent/5.2.3/httpclient5-parent-5.2.3.pom
Progress (1): 837 B
Progress (1): 2.2 kB
Progress (1): 4.0 kB
Progress (1): 8.7 kB
Progress (1): 12 kB 
Progress (1): 15 kB
Progress (1): 17 kB
                   
Downloaded from central: https://repo.maven.apache.org/maven2/org/apache/httpcomponents/client5/httpclient5-parent/5.2.3/httpclient5-parent-5.2.3.pom (17 kB at 225 kB/s)
Downloading from central: https://repo.maven.apache.org/maven2/org/springframework/spring-core/6.0.10/spring-core-6.0.10.pom
Progress (1): 1.1 kB
Progress (1): 2.0 kB
                    
Downloaded from central: https://repo.maven.apache.org/maven2/org/springframework/spring-core/6.0.10/spring-core-6.0.10.pom (2.0 kB at 23 kB/s)
Downloading from central: https://repo.maven.apache.org/maven2/org/springframework/spring-jcl/6.0.10/spring-jcl-6.0.10.pom
Progress (1): 1.1 kB
Progress (1): 1.8 kB
                    
Downloaded from central: https://repo.maven.apache.org/maven2/org/springframework/spring-jcl/6.0.10/spring-jcl-6.0.10.pom (1.8 kB at 26 kB/s)
Downloading from central: https://repo.maven.apache.org/maven2/org/springframework/boot/spring-boot-loader-tools/3.2.5/spring-boot-loader-tools-3.2.5.pom
Progress (1): 1.0 kB
Progress (1): 2.2 kB
                    
Downloaded from central: https://repo.maven.apache.org/maven2/org/springframework/boot/spring-boot-loader-tools/3.2.5/spring-boot-loader-tools-3.2.5.pom (2.2 kB at 25 kB/s)
Downloading from central: https://repo.maven.apache.org/maven2/org/springframework/boot/spring-boot-buildpack-platform/3.2.5/spring-boot-buildpack-platform-3.2.5.jar
Progress (1): 7.7/272 kB
Progress (1): 16/272 kB 
Progress (1): 25/272 kB
Progress (1): 41/272 kB
Progress (1): 57/272 kB
Progress (1): 74/272 kB
Progress (1): 90/272 kB
Progress (1): 106/272 kB
Progress (1): 123/272 kB
Progress (1): 139/272 kB
Progress (1): 156/272 kB
Progress (1): 172/272 kB
Progress (1): 188/272 kB
Progress (1): 205/272 kB
Progress (1): 221/272 kB
Progress (1): 238/272 kB
Progress (1): 254/272 kB
Progress (1): 270/272 kB
Progress (1): 272 kB    
                    
Downloaded from central: https://repo.maven.apache.org/maven2/org/springframework/boot/spring-boot-buildpack-platform/3.2.5/spring-boot-buildpack-platform-3.2.5.jar (272 kB at 265 kB/s)
Downloading from central: https://repo.maven.apache.org/maven2/com/fasterxml/jackson/core/jackson-databind/2.14.2/jackson-databind-2.14.2.jar
Downloading from central: https://repo.maven.apache.org/maven2/com/fasterxml/jackson/core/jackson-annotations/2.14.2/jackson-annotations-2.14.2.jar
Downloading from central: https://repo.maven.apache.org/maven2/com/fasterxml/jackson/core/jackson-core/2.14.2/jackson-core-2.14.2.jar
Downloading from central: https://repo.maven.apache.org/maven2/com/fasterxml/jackson/module/jackson-module-parameter-names/2.14.2/jackson-module-parameter-names-2.14.2.jar
Downloading from central: https://repo.maven.apache.org/maven2/org/apache/httpcomponents/client5/httpclient5/5.2.3/httpclient5-5.2.3.jar
Progress (1): 0.9/9.5 kB
Progress (1): 2.3/9.5 kB
Progress (1): 3.6/9.5 kB
Progress (1): 5.0/9.5 kB
Progress (2): 5.0/9.5 kB | 0.9/459 kB
Progress (2): 5.0/9.5 kB | 2.3/459 kB
Progress (2): 5.0/9.5 kB | 3.6/459 kB
Progress (2): 5.0/9.5 kB | 5.0/459 kB
Progress (2): 5.0/9.5 kB | 6.4/459 kB
Progress (2): 5.0/9.5 kB | 7.7/459 kB
Progress (2): 5.0/9.5 kB | 9.1/459 kB
Progress (2): 5.0/9.5 kB | 10/459 kB 
Progress (2): 5.0/9.5 kB | 12/459 kB
Progress (2): 5.0/9.5 kB | 13/459 kB
Progress (2): 5.0/9.5 kB | 15/459 kB
Progress (2): 5.0/9.5 kB | 16/459 kB
Progress (2): 5.0/9.5 kB | 17/459 kB
Progress (2): 6.4/9.5 kB | 17/459 kB
Progress (2): 7.7/9.5 kB | 17/459 kB
Progress (2): 9.1/9.5 kB | 17/459 kB
Progress (2): 9.5 kB | 17/459 kB    
Progress (3): 9.5 kB | 17/459 kB | 0/1.6 MB
Progress (3): 9.5 kB | 19/459 kB | 0/1.6 MB
Progress (3): 9.5 kB | 20/459 kB | 0/1.6 MB
Progress (3): 9.5 kB | 21/459 kB | 0/1.6 MB
Progress (3): 9.5 kB | 23/459 kB | 0/1.6 MB
Progress (3): 9.5 kB | 24/459 kB | 0/1.6 MB
Progress (3): 9.5 kB | 25/459 kB | 0/1.6 MB
Progress (3): 9.5 kB | 26/459 kB | 0/1.6 MB
Progress (3): 9.5 kB | 27/459 kB | 0/1.6 MB
Progress (3): 9.5 kB | 29/459 kB | 0/1.6 MB
Progress (3): 9.5 kB | 30/459 kB | 0/1.6 MB
Progress (3): 9.5 kB | 31/459 kB | 0/1.6 MB
Progress (3): 9.5 kB | 33/459 kB | 0/1.6 MB
Progress (3): 9.5 kB | 34/459 kB | 0/1.6 MB
Progress (3): 9.5 kB | 36/459 kB | 0/1.6 MB
Progress (3): 9.5 kB | 37/459 kB | 0/1.6 MB
Progress (3): 9.5 kB | 38/459 kB | 0/1.6 MB
Progress (3): 9.5 kB | 40/459 kB | 0/1.6 MB
Progress (3): 9.5 kB | 41/459 kB | 0/1.6 MB
Progress (3): 9.5 kB | 42/459 kB | 0/1.6 MB
                                           
Downloaded from central: https://repo.maven.apache.org/maven2/com/fasterxml/jackson/module/jackson-module-parameter-names/2.14.2/jackson-module-parameter-names-2.14.2.jar (9.5 kB at 71 kB/s)
Downloading from central: https://repo.maven.apache.org/maven2/org/apache/httpcomponents/core5/httpcore5/5.2.4/httpcore5-5.2.4.jar
Progress (2): 44/459 kB | 0/1.6 MB
Progress (2): 45/459 kB | 0/1.6 MB
Progress (2): 46/459 kB | 0/1.6 MB
Progress (2): 48/459 kB | 0/1.6 MB
Progress (2): 49/459 kB | 0/1.6 MB
Progress (2): 53/459 kB | 0/1.6 MB
Progress (2): 58/459 kB | 0/1.6 MB
Progress (2): 58/459 kB | 0/1.6 MB
Progress (2): 62/459 kB | 0/1.6 MB
Progress (2): 66/459 kB | 0/1.6 MB
Progress (2): 70/459 kB | 0/1.6 MB
Progress (2): 75/459 kB | 0/1.6 MB
Progress (2): 79/459 kB | 0/1.6 MB
Progress (2): 83/459 kB | 0/1.6 MB
Progress (2): 87/459 kB | 0/1.6 MB
Progress (2): 92/459 kB | 0/1.6 MB
Progress (2): 96/459 kB | 0/1.6 MB
Progress (2): 100/459 kB | 0/1.6 MB
Progress (2): 100/459 kB | 0/1.6 MB
Progress (3): 100/459 kB | 0/1.6 MB | 0.9/855 kB
Progress (3): 100/459 kB | 0/1.6 MB | 2.3/855 kB
Progress (3): 100/459 kB | 0/1.6 MB | 3.6/855 kB
Progress (3): 104/459 kB | 0/1.6 MB | 3.6/855 kB
Progress (3): 104/459 kB | 0/1.6 MB | 5.0/855 kB
Progress (3): 104/459 kB | 0/1.6 MB | 6.4/855 kB
Progress (3): 104/459 kB | 0/1.6 MB | 7.7/855 kB
Progress (3): 104/459 kB | 0/1.6 MB | 9.1/855 kB
Progress (3): 104/459 kB | 0/1.6 MB | 10/855 kB 
Progress (3): 104/459 kB | 0/1.6 MB | 12/855 kB
Progress (3): 104/459 kB | 0/1.6 MB | 12/855 kB
Progress (3): 104/459 kB | 0/1.6 MB | 14/855 kB
Progress (3): 104/459 kB | 0/1.6 MB | 15/855 kB
Progress (3): 104/459 kB | 0/1.6 MB | 16/855 kB
Progress (3): 104/459 kB | 0/1.6 MB | 18/855 kB
Progress (3): 104/459 kB | 0/1.6 MB | 19/855 kB
Progress (3): 104/459 kB | 0/1.6 MB | 21/855 kB
Progress (3): 104/459 kB | 0/1.6 MB | 22/855 kB
Progress (3): 104/459 kB | 0/1.6 MB | 23/855 kB
Progress (3): 104/459 kB | 0/1.6 MB | 25/855 kB
Progress (3): 104/459 kB | 0/1.6 MB | 26/855 kB
Progress (3): 108/459 kB | 0/1.6 MB | 26/855 kB
Progress (3): 113/459 kB | 0/1.6 MB | 26/855 kB
Progress (3): 117/459 kB | 0/1.6 MB | 26/855 kB
Progress (3): 117/459 kB | 0/1.6 MB | 27/855 kB
Progress (3): 117/459 kB | 0/1.6 MB | 32/855 kB
Progress (3): 117/459 kB | 0/1.6 MB | 36/855 kB
Progress (4): 117/459 kB | 0/1.6 MB | 36/855 kB | 7.7/77 kB
Progress (4): 117/459 kB | 0/1.6 MB | 36/855 kB | 16/77 kB 
Progress (4): 121/459 kB | 0/1.6 MB | 36/855 kB | 16/77 kB
Progress (4): 125/459 kB | 0/1.6 MB | 36/855 kB | 16/77 kB
Progress (4): 130/459 kB | 0/1.6 MB | 36/855 kB | 16/77 kB
Progress (4): 134/459 kB | 0/1.6 MB | 36/855 kB | 16/77 kB
Progress (4): 138/459 kB | 0/1.6 MB | 36/855 kB | 16/77 kB
Progress (4): 142/459 kB | 0/1.6 MB | 36/855 kB | 16/77 kB
Progress (4): 146/459 kB | 0/1.6 MB | 36/855 kB | 16/77 kB
Progress (4): 151/459 kB | 0/1.6 MB | 36/855 kB | 16/77 kB
Progress (4): 155/459 kB | 0/1.6 MB | 36/855 kB | 16/77 kB
Progress (4): 156/459 kB | 0/1.6 MB | 36/855 kB | 16/77 kB
Progress (4): 160/459 kB | 0/1.6 MB | 36/855 kB | 16/77 kB
Progress (4): 164/459 kB | 0/1.6 MB | 36/855 kB | 16/77 kB
Progress (4): 168/459 kB | 0/1.6 MB | 36/855 kB | 16/77 kB
Progress (4): 173/459 kB | 0/1.6 MB | 36/855 kB | 16/77 kB
Progress (4): 177/459 kB | 0/1.6 MB | 36/855 kB | 16/77 kB
Progress (5): 177/459 kB | 0/1.6 MB | 36/855 kB | 16/77 kB | 0.9/843 kB
Progress (5): 177/459 kB | 0/1.6 MB | 36/855 kB | 16/77 kB | 2.3/843 kB
Progress (5): 177/459 kB | 0/1.6 MB | 36/855 kB | 16/77 kB | 3.6/843 kB
Progress (5): 177/459 kB | 0/1.6 MB | 36/855 kB | 16/77 kB | 5.0/843 kB
Progress (5): 177/459 kB | 0/1.6 MB | 36/855 kB | 16/77 kB | 6.4/843 kB
Progress (5): 177/459 kB | 0/1.6 MB | 36/855 kB | 16/77 kB | 7.7/843 kB
Progress (5): 181/459 kB | 0/1.6 MB | 36/855 kB | 16/77 kB | 7.7/843 kB
Progress (5): 185/459 kB | 0/1.6 MB | 36/855 kB | 16/77 kB | 7.7/843 kB
Progress (5): 189/459 kB | 0/1.6 MB | 36/855 kB | 16/77 kB | 7.7/843 kB
Progress (5): 189/459 kB | 0/1.6 MB | 36/855 kB | 16/77 kB | 9.1/843 kB
Progress (5): 194/459 kB | 0/1.6 MB | 36/855 kB | 16/77 kB | 9.1/843 kB
Progress (5): 198/459 kB | 0/1.6 MB | 36/855 kB | 16/77 kB | 9.1/843 kB
Progress (5): 202/459 kB | 0/1.6 MB | 36/855 kB | 16/77 kB | 9.1/843 kB
Progress (5): 206/459 kB | 0/1.6 MB | 36/855 kB | 16/77 kB | 9.1/843 kB
Progress (5): 211/459 kB | 0/1.6 MB | 36/855 kB | 16/77 kB | 9.1/843 kB
Progress (5): 215/459 kB | 0/1.6 MB | 36/855 kB | 16/77 kB | 9.1/843 kB
Progress (5): 231/459 kB | 0/1.6 MB | 36/855 kB | 16/77 kB | 9.1/843 kB
Progress (5): 231/459 kB | 0/1.6 MB | 40/855 kB | 16/77 kB | 9.1/843 kB
Progress (5): 231/459 kB | 0/1.6 MB | 44/855 kB | 16/77 kB | 9.1/843 kB
Progress (5): 231/459 kB | 0/1.6 MB | 48/855 kB | 16/77 kB | 9.1/843 kB
Progress (5): 231/459 kB | 0/1.6 MB | 53/855 kB | 16/77 kB | 9.1/843 kB
Progress (5): 231/459 kB | 0/1.6 MB | 57/855 kB | 16/77 kB | 9.1/843 kB
Progress (5): 231/459 kB | 0/1.6 MB | 61/855 kB | 16/77 kB | 9.1/843 kB
Progress (5): 231/459 kB | 0/1.6 MB | 65/855 kB | 16/77 kB | 9.1/843 kB
Progress (5): 231/459 kB | 0/1.6 MB | 70/855 kB | 16/77 kB | 9.1/843 kB
Progress (5): 231/459 kB | 0/1.6 MB | 74/855 kB | 16/77 kB | 9.1/843 kB
Progress (5): 231/459 kB | 0/1.6 MB | 78/855 kB | 16/77 kB | 9.1/843 kB
Progress (5): 231/459 kB | 0/1.6 MB | 82/855 kB | 16/77 kB | 9.1/843 kB
Progress (5): 231/459 kB | 0/1.6 MB | 87/855 kB | 16/77 kB | 9.1/843 kB
Progress (5): 231/459 kB | 0/1.6 MB | 90/855 kB | 16/77 kB | 9.1/843 kB
Progress (5): 231/459 kB | 0/1.6 MB | 94/855 kB | 16/77 kB | 9.1/843 kB
Progress (5): 231/459 kB | 0/1.6 MB | 99/855 kB | 16/77 kB | 9.1/843 kB
Progress (5): 231/459 kB | 0/1.6 MB | 103/855 kB | 16/77 kB | 9.1/843 kB
Progress (5): 231/459 kB | 0.1/1.6 MB | 103/855 kB | 16/77 kB | 9.1/843 kB
Progress (5): 231/459 kB | 0.1/1.6 MB | 103/855 kB | 16/77 kB | 9.1/843 kB
Progress (5): 231/459 kB | 0.1/1.6 MB | 103/855 kB | 16/77 kB | 9.1/843 kB
Progress (5): 248/459 kB | 0.1/1.6 MB | 103/855 kB | 16/77 kB | 9.1/843 kB
Progress (5): 248/459 kB | 0.1/1.6 MB | 107/855 kB | 16/77 kB | 9.1/843 kB
Progress (5): 248/459 kB | 0.1/1.6 MB | 111/855 kB | 16/77 kB | 9.1/843 kB
Progress (5): 248/459 kB | 0.1/1.6 MB | 115/855 kB | 16/77 kB | 9.1/843 kB
Progress (5): 248/459 kB | 0.1/1.6 MB | 120/855 kB | 16/77 kB | 9.1/843 kB
Progress (5): 248/459 kB | 0.1/1.6 MB | 120/855 kB | 16/77 kB | 9.1/843 kB
Progress (5): 248/459 kB | 0.1/1.6 MB | 120/855 kB | 16/77 kB | 9.1/843 kB
Progress (5): 248/459 kB | 0.1/1.6 MB | 124/855 kB | 16/77 kB | 9.1/843 kB
Progress (5): 248/459 kB | 0.1/1.6 MB | 124/855 kB | 16/77 kB | 9.1/843 kB
Progress (5): 248/459 kB | 0.1/1.6 MB | 124/855 kB | 16/77 kB | 9.1/843 kB
Progress (5): 248/459 kB | 0.1/1.6 MB | 124/855 kB | 16/77 kB | 10/843 kB 
Progress (5): 248/459 kB | 0.1/1.6 MB | 124/855 kB | 16/77 kB | 12/843 kB
Progress (5): 248/459 kB | 0.1/1.6 MB | 124/855 kB | 16/77 kB | 13/843 kB
Progress (5): 248/459 kB | 0.1/1.6 MB | 124/855 kB | 16/77 kB | 15/843 kB
Progress (5): 248/459 kB | 0.1/1.6 MB | 124/855 kB | 16/77 kB | 16/843 kB
Progress (5): 248/459 kB | 0.1/1.6 MB | 124/855 kB | 16/77 kB | 17/843 kB
Progress (5): 248/459 kB | 0.1/1.6 MB | 124/855 kB | 16/77 kB | 19/843 kB
Progress (5): 248/459 kB | 0.1/1.6 MB | 124/855 kB | 16/77 kB | 20/843 kB
Progress (5): 248/459 kB | 0.1/1.6 MB | 124/855 kB | 16/77 kB | 21/843 kB
Progress (5): 248/459 kB | 0.1/1.6 MB | 124/855 kB | 16/77 kB | 23/843 kB
Progress (5): 248/459 kB | 0.1/1.6 MB | 124/855 kB | 16/77 kB | 24/843 kB
Progress (5): 248/459 kB | 0.1/1.6 MB | 124/855 kB | 16/77 kB | 26/843 kB
Progress (5): 248/459 kB | 0.1/1.6 MB | 124/855 kB | 16/77 kB | 27/843 kB
Progress (5): 248/459 kB | 0.2/1.6 MB | 124/855 kB | 16/77 kB | 27/843 kB
Progress (5): 248/459 kB | 0.2/1.6 MB | 127/855 kB | 16/77 kB | 27/843 kB
Progress (5): 248/459 kB | 0.2/1.6 MB | 131/855 kB | 16/77 kB | 27/843 kB
Progress (5): 248/459 kB | 0.2/1.6 MB | 135/855 kB | 16/77 kB | 27/843 kB
Progress (5): 248/459 kB | 0.2/1.6 MB | 139/855 kB | 16/77 kB | 27/843 kB
Progress (5): 248/459 kB | 0.2/1.6 MB | 139/855 kB | 16/77 kB | 27/843 kB
Progress (5): 248/459 kB | 0.2/1.6 MB | 139/855 kB | 16/77 kB | 28/843 kB
Progress (5): 248/459 kB | 0.2/1.6 MB | 139/855 kB | 16/77 kB | 30/843 kB
Progress (5): 248/459 kB | 0.2/1.6 MB | 139/855 kB | 16/77 kB | 31/843 kB
Progress (5): 248/459 kB | 0.2/1.6 MB | 139/855 kB | 16/77 kB | 32/843 kB
Progress (5): 248/459 kB | 0.2/1.6 MB | 139/855 kB | 16/77 kB | 34/843 kB
Progress (5): 248/459 kB | 0.2/1.6 MB | 139/855 kB | 16/77 kB | 35/843 kB
Progress (5): 248/459 kB | 0.2/1.6 MB | 139/855 kB | 16/77 kB | 36/843 kB
Progress (5): 248/459 kB | 0.2/1.6 MB | 139/855 kB | 16/77 kB | 38/843 kB
Progress (5): 248/459 kB | 0.2/1.6 MB | 139/855 kB | 16/77 kB | 39/843 kB
Progress (5): 248/459 kB | 0.2/1.6 MB | 139/855 kB | 16/77 kB | 41/843 kB
Progress (5): 248/459 kB | 0.2/1.6 MB | 139/855 kB | 16/77 kB | 42/843 kB
Progress (5): 248/459 kB | 0.2/1.6 MB | 139/855 kB | 16/77 kB | 43/843 kB
Progress (5): 248/459 kB | 0.2/1.6 MB | 139/855 kB | 16/77 kB | 45/843 kB
Progress (5): 248/459 kB | 0.2/1.6 MB | 139/855 kB | 16/77 kB | 46/843 kB
Progress (5): 248/459 kB | 0.2/1.6 MB | 139/855 kB | 16/77 kB | 47/843 kB
Progress (5): 248/459 kB | 0.2/1.6 MB | 139/855 kB | 16/77 kB | 49/843 kB
Progress (5): 248/459 kB | 0.2/1.6 MB | 139/855 kB | 16/77 kB | 50/843 kB
Progress (5): 248/459 kB | 0.2/1.6 MB | 139/855 kB | 16/77 kB | 52/843 kB
Progress (5): 248/459 kB | 0.2/1.6 MB | 139/855 kB | 16/77 kB | 53/843 kB
Progress (5): 248/459 kB | 0.2/1.6 MB | 139/855 kB | 16/77 kB | 54/843 kB
Progress (5): 248/459 kB | 0.2/1.6 MB | 139/855 kB | 16/77 kB | 56/843 kB
Progress (5): 248/459 kB | 0.2/1.6 MB | 139/855 kB | 16/77 kB | 60/843 kB
Progress (5): 248/459 kB | 0.2/1.6 MB | 139/855 kB | 16/77 kB | 64/843 kB
Progress (5): 248/459 kB | 0.2/1.6 MB | 139/855 kB | 16/77 kB | 68/843 kB
Progress (5): 248/459 kB | 0.2/1.6 MB | 144/855 kB | 16/77 kB | 68/843 kB
Progress (5): 248/459 kB | 0.2/1.6 MB | 148/855 kB | 16/77 kB | 68/843 kB
Progress (5): 248/459 kB | 0.2/1.6 MB | 152/855 kB | 16/77 kB | 68/843 kB
Progress (5): 248/459 kB | 0.2/1.6 MB | 156/855 kB | 16/77 kB | 68/843 kB
Progress (5): 248/459 kB | 0.2/1.6 MB | 160/855 kB | 16/77 kB | 68/843 kB
Progress (5): 248/459 kB | 0.2/1.6 MB | 165/855 kB | 16/77 kB | 68/843 kB
Progress (5): 248/459 kB | 0.2/1.6 MB | 169/855 kB | 16/77 kB | 68/843 kB
Progress (5): 264/459 kB | 0.2/1.6 MB | 169/855 kB | 16/77 kB | 68/843 kB
Progress (5): 280/459 kB | 0.2/1.6 MB | 169/855 kB | 16/77 kB | 68/843 kB
Progress (5): 280/459 kB | 0.2/1.6 MB | 169/855 kB | 16/77 kB | 73/843 kB
Progress (5): 280/459 kB | 0.2/1.6 MB | 169/855 kB | 16/77 kB | 77/843 kB
Progress (5): 280/459 kB | 0.2/1.6 MB | 169/855 kB | 16/77 kB | 81/843 kB
Progress (5): 287/459 kB | 0.2/1.6 MB | 169/855 kB | 16/77 kB | 81/843 kB
Progress (5): 287/459 kB | 0.2/1.6 MB | 169/855 kB | 16/77 kB | 85/843 kB
Progress (5): 303/459 kB | 0.2/1.6 MB | 169/855 kB | 16/77 kB | 85/843 kB
Progress (5): 319/459 kB | 0.2/1.6 MB | 169/855 kB | 16/77 kB | 85/843 kB
Progress (5): 336/459 kB | 0.2/1.6 MB | 169/855 kB | 16/77 kB | 85/843 kB
Progress (5): 336/459 kB | 0.2/1.6 MB | 169/855 kB | 16/77 kB | 85/843 kB
Progress (5): 336/459 kB | 0.2/1.6 MB | 173/855 kB | 16/77 kB | 85/843 kB
Progress (5): 336/459 kB | 0.2/1.6 MB | 177/855 kB | 16/77 kB | 85/843 kB
Progress (5): 336/459 kB | 0.2/1.6 MB | 182/855 kB | 16/77 kB | 85/843 kB
Progress (5): 336/459 kB | 0.2/1.6 MB | 182/855 kB | 16/77 kB | 89/843 kB
Progress (5): 336/459 kB | 0.2/1.6 MB | 182/855 kB | 16/77 kB | 94/843 kB
Progress (5): 336/459 kB | 0.2/1.6 MB | 182/855 kB | 16/77 kB | 98/843 kB
Progress (5): 336/459 kB | 0.2/1.6 MB | 182/855 kB | 16/77 kB | 102/843 kB
Progress (5): 336/459 kB | 0.2/1.6 MB | 182/855 kB | 16/77 kB | 106/843 kB
Progress (5): 336/459 kB | 0.2/1.6 MB | 186/855 kB | 16/77 kB | 106/843 kB
Progress (5): 352/459 kB | 0.2/1.6 MB | 186/855 kB | 16/77 kB | 106/843 kB
Progress (5): 369/459 kB | 0.2/1.6 MB | 186/855 kB | 16/77 kB | 106/843 kB
Progress (5): 369/459 kB | 0.2/1.6 MB | 190/855 kB | 16/77 kB | 106/843 kB
Progress (5): 369/459 kB | 0.2/1.6 MB | 194/855 kB | 16/77 kB | 106/843 kB
Progress (5): 369/459 kB | 0.2/1.6 MB | 194/855 kB | 16/77 kB | 111/843 kB
Progress (5): 369/459 kB | 0.2/1.6 MB | 194/855 kB | 16/77 kB | 115/843 kB
Progress (5): 369/459 kB | 0.2/1.6 MB | 194/855 kB | 16/77 kB | 119/843 kB
Progress (5): 385/459 kB | 0.2/1.6 MB | 194/855 kB | 16/77 kB | 119/843 kB
Progress (5): 385/459 kB | 0.2/1.6 MB | 194/855 kB | 16/77 kB | 123/843 kB
Progress (5): 401/459 kB | 0.2/1.6 MB | 194/855 kB | 16/77 kB | 123/843 kB
Progress (5): 401/459 kB | 0.2/1.6 MB | 194/855 kB | 16/77 kB | 128/843 kB
Progress (5): 401/459 kB | 0.2/1.6 MB | 194/855 kB | 16/77 kB | 131/843 kB
Progress (5): 401/459 kB | 0.2/1.6 MB | 194/855 kB | 16/77 kB | 135/843 kB
Progress (5): 401/459 kB | 0.2/1.6 MB | 194/855 kB | 16/77 kB | 139/843 kB
Progress (5): 418/459 kB | 0.2/1.6 MB | 194/855 kB | 16/77 kB | 139/843 kB
Progress (5): 418/459 kB | 0.2/1.6 MB | 211/855 kB | 16/77 kB | 139/843 kB
Progress (5): 418/459 kB | 0.2/1.6 MB | 211/855 kB | 16/77 kB | 143/843 kB
Progress (5): 418/459 kB | 0.2/1.6 MB | 211/855 kB | 16/77 kB | 143/843 kB
Progress (5): 434/459 kB | 0.2/1.6 MB | 211/855 kB | 16/77 kB | 143/843 kB
Progress (5): 451/459 kB | 0.2/1.6 MB | 211/855 kB | 16/77 kB | 143/843 kB
Progress (5): 451/459 kB | 0.2/1.6 MB | 211/855 kB | 16/77 kB | 147/843 kB
Progress (5): 451/459 kB | 0.2/1.6 MB | 211/855 kB | 16/77 kB | 152/843 kB
Progress (5): 451/459 kB | 0.2/1.6 MB | 211/855 kB | 16/77 kB | 156/843 kB
Progress (5): 459 kB | 0.2/1.6 MB | 211/855 kB | 16/77 kB | 156/843 kB    
                                                                      
Downloaded from central: https://repo.maven.apache.org/maven2/com/fasterxml/jackson/core/jackson-core/2.14.2/jackson-core-2.14.2.jar (459 kB at 114 kB/s)
Downloading from central: https://repo.maven.apache.org/maven2/org/apache/httpcomponents/core5/httpcore5-h2/5.2.4/httpcore5-h2-5.2.4.jar
Progress (4): 0.2/1.6 MB | 211/855 kB | 16/77 kB | 160/843 kB
Progress (4): 0.2/1.6 MB | 211/855 kB | 16/77 kB | 164/843 kB
Progress (4): 0.2/1.6 MB | 211/855 kB | 16/77 kB | 169/843 kB
Progress (4): 0.2/1.6 MB | 211/855 kB | 16/77 kB | 173/843 kB
Progress (4): 0.2/1.6 MB | 227/855 kB | 16/77 kB | 173/843 kB
Progress (4): 0.2/1.6 MB | 227/855 kB | 16/77 kB | 177/843 kB
Progress (5): 0.2/1.6 MB | 227/855 kB | 16/77 kB | 177/843 kB | 7.7/237 kB
Progress (5): 0.2/1.6 MB | 227/855 kB | 16/77 kB | 177/843 kB | 8.2/237 kB
Progress (5): 0.2/1.6 MB | 227/855 kB | 16/77 kB | 181/843 kB | 8.2/237 kB
Progress (5): 0.2/1.6 MB | 243/855 kB | 16/77 kB | 181/843 kB | 8.2/237 kB
Progress (5): 0.2/1.6 MB | 243/855 kB | 16/77 kB | 186/843 kB | 8.2/237 kB
Progress (5): 0.2/1.6 MB | 243/855 kB | 16/77 kB | 190/843 kB | 8.2/237 kB
Progress (5): 0.2/1.6 MB | 243/855 kB | 16/77 kB | 190/843 kB | 8.2/237 kB
Progress (5): 0.2/1.6 MB | 243/855 kB | 16/77 kB | 190/843 kB | 25/237 kB 
Progress (5): 0.2/1.6 MB | 243/855 kB | 32/77 kB | 190/843 kB | 25/237 kB
Progress (5): 0.2/1.6 MB | 243/855 kB | 32/77 kB | 194/843 kB | 25/237 kB
Progress (5): 0.2/1.6 MB | 243/855 kB | 48/77 kB | 194/843 kB | 25/237 kB
Progress (5): 0.2/1.6 MB | 243/855 kB | 48/77 kB | 198/843 kB | 25/237 kB
Progress (5): 0.2/1.6 MB | 243/855 kB | 48/77 kB | 202/843 kB | 25/237 kB
Progress (5): 0.2/1.6 MB | 258/855 kB | 48/77 kB | 202/843 kB | 25/237 kB
Progress (5): 0.2/1.6 MB | 258/855 kB | 48/77 kB | 207/843 kB | 25/237 kB
Progress (5): 0.2/1.6 MB | 258/855 kB | 48/77 kB | 207/843 kB | 41/237 kB
Progress (5): 0.2/1.6 MB | 258/855 kB | 48/77 kB | 211/843 kB | 41/237 kB
Progress (5): 0.2/1.6 MB | 258/855 kB | 48/77 kB | 211/843 kB | 57/237 kB
Progress (5): 0.2/1.6 MB | 258/855 kB | 65/77 kB | 211/843 kB | 57/237 kB
Progress (5): 0.2/1.6 MB | 258/855 kB | 65/77 kB | 215/843 kB | 57/237 kB
Progress (5): 0.2/1.6 MB | 258/855 kB | 65/77 kB | 215/843 kB | 57/237 kB
Progress (5): 0.2/1.6 MB | 258/855 kB | 65/77 kB | 215/843 kB | 74/237 kB
Progress (5): 0.2/1.6 MB | 274/855 kB | 65/77 kB | 215/843 kB | 74/237 kB
Progress (5): 0.2/1.6 MB | 274/855 kB | 77 kB | 215/843 kB | 74/237 kB   
                                                                      
Downloaded from central: https://repo.maven.apache.org/maven2/com/fasterxml/jackson/core/jackson-annotations/2.14.2/jackson-annotations-2.14.2.jar (77 kB at 15 kB/s)
Downloading from central: https://repo.maven.apache.org/maven2/org/springframework/boot/spring-boot-loader-tools/3.2.5/spring-boot-loader-tools-3.2.5.jar
Progress (4): 0.2/1.6 MB | 274/855 kB | 219/843 kB | 74/237 kB
Progress (4): 0.2/1.6 MB | 274/855 kB | 224/843 kB | 74/237 kB
Progress (4): 0.2/1.6 MB | 274/855 kB | 224/843 kB | 90/237 kB
Progress (4): 0.2/1.6 MB | 274/855 kB | 224/843 kB | 106/237 kB
Progress (4): 0.2/1.6 MB | 274/855 kB | 240/843 kB | 106/237 kB
Progress (5): 0.2/1.6 MB | 274/855 kB | 240/843 kB | 106/237 kB | 4.1/435 kB
Progress (5): 0.2/1.6 MB | 290/855 kB | 240/843 kB | 106/237 kB | 4.1/435 kB
Progress (5): 0.2/1.6 MB | 290/855 kB | 240/843 kB | 123/237 kB | 4.1/435 kB
Progress (5): 0.2/1.6 MB | 290/855 kB | 240/843 kB | 139/237 kB | 4.1/435 kB
Progress (5): 0.2/1.6 MB | 290/855 kB | 240/843 kB | 139/237 kB | 20/435 kB 
Progress (5): 0.2/1.6 MB | 290/855 kB | 240/843 kB | 156/237 kB | 20/435 kB
Progress (5): 0.2/1.6 MB | 290/855 kB | 256/843 kB | 156/237 kB | 20/435 kB
Progress (5): 0.2/1.6 MB | 290/855 kB | 262/843 kB | 156/237 kB | 20/435 kB
Progress (5): 0.2/1.6 MB | 307/855 kB | 262/843 kB | 156/237 kB | 20/435 kB
Progress (5): 0.2/1.6 MB | 307/855 kB | 262/843 kB | 172/237 kB | 20/435 kB
Progress (5): 0.3/1.6 MB | 307/855 kB | 262/843 kB | 172/237 kB | 20/435 kB
Progress (5): 0.3/1.6 MB | 307/855 kB | 262/843 kB | 172/237 kB | 37/435 kB
Progress (5): 0.3/1.6 MB | 307/855 kB | 278/843 kB | 172/237 kB | 37/435 kB
Progress (5): 0.3/1.6 MB | 307/855 kB | 278/843 kB | 172/237 kB | 53/435 kB
Progress (5): 0.3/1.6 MB | 307/855 kB | 278/843 kB | 188/237 kB | 53/435 kB
Progress (5): 0.3/1.6 MB | 307/855 kB | 278/843 kB | 188/237 kB | 53/435 kB
Progress (5): 0.3/1.6 MB | 307/855 kB | 278/843 kB | 205/237 kB | 53/435 kB
Progress (5): 0.3/1.6 MB | 307/855 kB | 294/843 kB | 205/237 kB | 53/435 kB
Progress (5): 0.3/1.6 MB | 323/855 kB | 294/843 kB | 205/237 kB | 53/435 kB
Progress (5): 0.3/1.6 MB | 323/855 kB | 294/843 kB | 221/237 kB | 53/435 kB
Progress (5): 0.3/1.6 MB | 323/855 kB | 294/843 kB | 221/237 kB | 70/435 kB
Progress (5): 0.3/1.6 MB | 340/855 kB | 294/843 kB | 221/237 kB | 70/435 kB
Progress (5): 0.3/1.6 MB | 340/855 kB | 311/843 kB | 221/237 kB | 70/435 kB
Progress (5): 0.3/1.6 MB | 356/855 kB | 311/843 kB | 221/237 kB | 70/435 kB
Progress (5): 0.3/1.6 MB | 356/855 kB | 311/843 kB | 237 kB | 70/435 kB    
Progress (5): 0.3/1.6 MB | 356/855 kB | 311/843 kB | 237 kB | 86/435 kB
                                                                       
Downloaded from central: https://repo.maven.apache.org/maven2/org/apache/httpcomponents/core5/httpcore5-h2/5.2.4/httpcore5-h2-5.2.4.jar (237 kB at 33 kB/s)
Downloading from central: https://repo.maven.apache.org/maven2/org/codehaus/plexus/plexus-utils/1.5.8/plexus-utils-1.5.8.jar
Progress (4): 0.3/1.6 MB | 356/855 kB | 327/843 kB | 86/435 kB
Progress (4): 0.3/1.6 MB | 356/855 kB | 327/843 kB | 86/435 kB
Progress (4): 0.3/1.6 MB | 356/855 kB | 327/843 kB | 102/435 kB
Progress (4): 0.3/1.6 MB | 372/855 kB | 327/843 kB | 102/435 kB
Progress (5): 0.3/1.6 MB | 372/855 kB | 327/843 kB | 102/435 kB | 7.7/268 kB
Progress (5): 0.3/1.6 MB | 372/855 kB | 327/843 kB | 102/435 kB | 16/268 kB 
Progress (5): 0.3/1.6 MB | 372/855 kB | 327/843 kB | 102/435 kB | 25/268 kB
Progress (5): 0.3/1.6 MB | 372/855 kB | 327/843 kB | 102/435 kB | 25/268 kB
Progress (5): 0.3/1.6 MB | 372/855 kB | 327/843 kB | 119/435 kB | 25/268 kB
Progress (5): 0.3/1.6 MB | 372/855 kB | 344/843 kB | 119/435 kB | 25/268 kB
Progress (5): 0.3/1.6 MB | 372/855 kB | 344/843 kB | 119/435 kB | 41/268 kB
Progress (5): 0.3/1.6 MB | 372/855 kB | 360/843 kB | 119/435 kB | 41/268 kB
Progress (5): 0.3/1.6 MB | 372/855 kB | 360/843 kB | 127/435 kB | 41/268 kB
Progress (5): 0.3/1.6 MB | 389/855 kB | 360/843 kB | 127/435 kB | 41/268 kB
Progress (5): 0.3/1.6 MB | 389/855 kB | 360/843 kB | 143/435 kB | 41/268 kB
Progress (5): 0.3/1.6 MB | 389/855 kB | 360/843 kB | 143/435 kB | 57/268 kB
Progress (5): 0.3/1.6 MB | 389/855 kB | 360/843 kB | 160/435 kB | 57/268 kB
Progress (5): 0.3/1.6 MB | 389/855 kB | 360/843 kB | 176/435 kB | 57/268 kB
Progress (5): 0.3/1.6 MB | 389/855 kB | 360/843 kB | 176/435 kB | 74/268 kB
Progress (5): 0.3/1.6 MB | 389/855 kB | 376/843 kB | 176/435 kB | 74/268 kB
Progress (5): 0.3/1.6 MB | 389/855 kB | 376/843 kB | 176/435 kB | 90/268 kB
Progress (5): 0.3/1.6 MB | 389/855 kB | 376/843 kB | 193/435 kB | 90/268 kB
Progress (5): 0.3/1.6 MB | 389/855 kB | 376/843 kB | 193/435 kB | 90/268 kB
Progress (5): 0.3/1.6 MB | 405/855 kB | 376/843 kB | 193/435 kB | 90/268 kB
Progress (5): 0.3/1.6 MB | 405/855 kB | 376/843 kB | 209/435 kB | 90/268 kB
Progress (5): 0.3/1.6 MB | 405/855 kB | 376/843 kB | 209/435 kB | 106/268 kB
Progress (5): 0.3/1.6 MB | 405/855 kB | 376/843 kB | 225/435 kB | 106/268 kB
Progress (5): 0.3/1.6 MB | 405/855 kB | 393/843 kB | 225/435 kB | 106/268 kB
Progress (5): 0.3/1.6 MB | 405/855 kB | 393/843 kB | 225/435 kB | 123/268 kB
Progress (5): 0.3/1.6 MB | 405/855 kB | 393/843 kB | 225/435 kB | 123/268 kB
Progress (5): 0.3/1.6 MB | 405/855 kB | 393/843 kB | 242/435 kB | 123/268 kB
Progress (5): 0.3/1.6 MB | 405/855 kB | 409/843 kB | 242/435 kB | 123/268 kB
Progress (5): 0.3/1.6 MB | 405/855 kB | 409/843 kB | 242/435 kB | 139/268 kB
Progress (5): 0.3/1.6 MB | 405/855 kB | 409/843 kB | 258/435 kB | 139/268 kB
Progress (5): 0.3/1.6 MB | 405/855 kB | 409/843 kB | 258/435 kB | 156/268 kB
Progress (5): 0.3/1.6 MB | 405/855 kB | 409/843 kB | 274/435 kB | 156/268 kB
Progress (5): 0.3/1.6 MB | 405/855 kB | 425/843 kB | 274/435 kB | 156/268 kB
Progress (5): 0.4/1.6 MB | 405/855 kB | 425/843 kB | 274/435 kB | 156/268 kB
Progress (5): 0.4/1.6 MB | 422/855 kB | 425/843 kB | 274/435 kB | 156/268 kB
Progress (5): 0.4/1.6 MB | 438/855 kB | 425/843 kB | 274/435 kB | 156/268 kB
Progress (5): 0.4/1.6 MB | 438/855 kB | 425/843 kB | 291/435 kB | 156/268 kB
Progress (5): 0.4/1.6 MB | 438/855 kB | 442/843 kB | 291/435 kB | 156/268 kB
Progress (5): 0.4/1.6 MB | 438/855 kB | 442/843 kB | 307/435 kB | 156/268 kB
Progress (5): 0.4/1.6 MB | 454/855 kB | 442/843 kB | 307/435 kB | 156/268 kB
Progress (5): 0.4/1.6 MB | 454/855 kB | 442/843 kB | 307/435 kB | 156/268 kB
Progress (5): 0.4/1.6 MB | 454/855 kB | 442/843 kB | 324/435 kB | 156/268 kB
Progress (5): 0.4/1.6 MB | 454/855 kB | 458/843 kB | 324/435 kB | 156/268 kB
Progress (5): 0.4/1.6 MB | 471/855 kB | 458/843 kB | 324/435 kB | 156/268 kB
Progress (5): 0.4/1.6 MB | 471/855 kB | 458/843 kB | 324/435 kB | 172/268 kB
Progress (5): 0.4/1.6 MB | 471/855 kB | 458/843 kB | 340/435 kB | 172/268 kB
Progress (5): 0.4/1.6 MB | 471/855 kB | 458/843 kB | 340/435 kB | 180/268 kB
Progress (5): 0.4/1.6 MB | 471/855 kB | 458/843 kB | 356/435 kB | 180/268 kB
Progress (5): 0.4/1.6 MB | 471/855 kB | 475/843 kB | 356/435 kB | 180/268 kB
Progress (5): 0.4/1.6 MB | 471/855 kB | 475/843 kB | 356/435 kB | 197/268 kB
Progress (5): 0.4/1.6 MB | 471/855 kB | 475/843 kB | 356/435 kB | 213/268 kB
Progress (5): 0.4/1.6 MB | 487/855 kB | 475/843 kB | 356/435 kB | 213/268 kB
Progress (5): 0.4/1.6 MB | 487/855 kB | 475/843 kB | 356/435 kB | 229/268 kB
Progress (5): 0.4/1.6 MB | 487/855 kB | 491/843 kB | 356/435 kB | 229/268 kB
Progress (5): 0.4/1.6 MB | 487/855 kB | 507/843 kB | 356/435 kB | 229/268 kB
Progress (5): 0.4/1.6 MB | 487/855 kB | 507/843 kB | 373/435 kB | 229/268 kB
Progress (5): 0.4/1.6 MB | 487/855 kB | 524/843 kB | 373/435 kB | 229/268 kB
Progress (5): 0.4/1.6 MB | 487/855 kB | 524/843 kB | 389/435 kB | 229/268 kB
Progress (5): 0.4/1.6 MB | 487/855 kB | 524/843 kB | 389/435 kB | 246/268 kB
Progress (5): 0.4/1.6 MB | 487/855 kB | 524/843 kB | 389/435 kB | 262/268 kB
Progress (5): 0.4/1.6 MB | 487/855 kB | 524/843 kB | 389/435 kB | 268 kB    
                                                                        
Downloaded from central: https://repo.maven.apache.org/maven2/org/codehaus/plexus/plexus-utils/1.5.8/plexus-utils-1.5.8.jar (268 kB at 24 kB/s)
Downloading from central: https://repo.maven.apache.org/maven2/org/apache/maven/plugins/maven-shade-plugin/3.5.0/maven-shade-plugin-3.5.0.jar
Progress (4): 0.4/1.6 MB | 503/855 kB | 524/843 kB | 389/435 kB
Progress (4): 0.4/1.6 MB | 503/855 kB | 540/843 kB | 389/435 kB
Progress (4): 0.4/1.6 MB | 503/855 kB | 540/843 kB | 406/435 kB
Progress (4): 0.4/1.6 MB | 503/855 kB | 540/843 kB | 406/435 kB
Progress (4): 0.4/1.6 MB | 503/855 kB | 540/843 kB | 422/435 kB
Progress (5): 0.4/1.6 MB | 503/855 kB | 540/843 kB | 422/435 kB | 7.7/147 kB
Progress (5): 0.4/1.6 MB | 503/855 kB | 540/843 kB | 422/435 kB | 16/147 kB 
Progress (5): 0.4/1.6 MB | 503/855 kB | 540/843 kB | 422/435 kB | 25/147 kB
Progress (5): 0.4/1.6 MB | 503/855 kB | 557/843 kB | 422/435 kB | 25/147 kB
Progress (5): 0.4/1.6 MB | 503/855 kB | 557/843 kB | 422/435 kB | 41/147 kB
Progress (5): 0.4/1.6 MB | 503/855 kB | 557/843 kB | 435 kB | 41/147 kB    
                                                                       
Downloaded from central: https://repo.maven.apache.org/maven2/org/springframework/boot/spring-boot-loader-tools/3.2.5/spring-boot-loader-tools-3.2.5.jar (435 kB at 36 kB/s)
Downloading from central: https://repo.maven.apache.org/maven2/org/ow2/asm/asm/9.5/asm-9.5.jar
Progress (4): 0.4/1.6 MB | 503/855 kB | 557/843 kB | 41/147 kB
Progress (4): 0.4/1.6 MB | 503/855 kB | 557/843 kB | 57/147 kB
Progress (4): 0.4/1.6 MB | 503/855 kB | 573/843 kB | 57/147 kB
Progress (4): 0.4/1.6 MB | 503/855 kB | 573/843 kB | 74/147 kB
Progress (4): 0.4/1.6 MB | 520/855 kB | 573/843 kB | 74/147 kB
Progress (4): 0.4/1.6 MB | 520/855 kB | 573/843 kB | 90/147 kB
Progress (4): 0.4/1.6 MB | 520/855 kB | 589/843 kB | 90/147 kB
Progress (5): 0.4/1.6 MB | 520/855 kB | 589/843 kB | 90/147 kB | 7.7/122 kB
Progress (5): 0.4/1.6 MB | 520/855 kB | 589/843 kB | 90/147 kB | 16/122 kB 
Progress (5): 0.4/1.6 MB | 520/855 kB | 589/843 kB | 90/147 kB | 29/122 kB
Progress (5): 0.4/1.6 MB | 520/855 kB | 589/843 kB | 90/147 kB | 45/122 kB
Progress (5): 0.4/1.6 MB | 520/855 kB | 589/843 kB | 90/147 kB | 49/122 kB
Progress (5): 0.4/1.6 MB | 536/855 kB | 589/843 kB | 90/147 kB | 49/122 kB
Progress (5): 0.4/1.6 MB | 536/855 kB | 589/843 kB | 90/147 kB | 66/122 kB
Progress (5): 0.4/1.6 MB | 536/855 kB | 589/843 kB | 90/147 kB | 66/122 kB
Progress (5): 0.4/1.6 MB | 536/855 kB | 589/843 kB | 106/147 kB | 66/122 kB
Progress (5): 0.4/1.6 MB | 536/855 kB | 589/843 kB | 123/147 kB | 66/122 kB
Progress (5): 0.4/1.6 MB | 536/855 kB | 589/843 kB | 139/147 kB | 66/122 kB
Progress (5): 0.4/1.6 MB | 536/855 kB | 606/843 kB | 139/147 kB | 66/122 kB
Progress (5): 0.4/1.6 MB | 536/855 kB | 606/843 kB | 147 kB | 66/122 kB    
                                                                       
Downloaded from central: https://repo.maven.apache.org/maven2/org/apache/maven/plugins/maven-shade-plugin/3.5.0/maven-shade-plugin-3.5.0.jar (147 kB at 11 kB/s)
Downloading from central: https://repo.maven.apache.org/maven2/org/ow2/asm/asm-commons/9.5/asm-commons-9.5.jar
Progress (4): 0.4/1.6 MB | 553/855 kB | 606/843 kB | 66/122 kB
Progress (4): 0.4/1.6 MB | 553/855 kB | 606/843 kB | 66/122 kB
Progress (4): 0.4/1.6 MB | 553/855 kB | 622/843 kB | 66/122 kB
Progress (4): 0.4/1.6 MB | 553/855 kB | 622/843 kB | 82/122 kB
Progress (4): 0.4/1.6 MB | 553/855 kB | 622/843 kB | 82/122 kB
Progress (4): 0.4/1.6 MB | 553/855 kB | 622/843 kB | 98/122 kB
Progress (4): 0.4/1.6 MB | 553/855 kB | 622/843 kB | 115/122 kB
Progress (5): 0.4/1.6 MB | 553/855 kB | 622/843 kB | 115/122 kB | 7.7/72 kB
Progress (5): 0.4/1.6 MB | 553/855 kB | 622/843 kB | 115/122 kB | 8.2/72 kB
Progress (5): 0.4/1.6 MB | 553/855 kB | 622/843 kB | 115/122 kB | 25/72 kB 
Progress (5): 0.4/1.6 MB | 553/855 kB | 622/843 kB | 115/122 kB | 41/72 kB
Progress (5): 0.4/1.6 MB | 553/855 kB | 638/843 kB | 115/122 kB | 41/72 kB
Progress (5): 0.4/1.6 MB | 569/855 kB | 638/843 kB | 115/122 kB | 41/72 kB
Progress (5): 0.4/1.6 MB | 569/855 kB | 638/843 kB | 115/122 kB | 57/72 kB
Progress (5): 0.4/1.6 MB | 569/855 kB | 638/843 kB | 115/122 kB | 72 kB   
                                                                       
Downloaded from central: https://repo.maven.apache.org/maven2/org/ow2/asm/asm-commons/9.5/asm-commons-9.5.jar (72 kB at 5.1 kB/s)
Downloading from central: https://repo.maven.apache.org/maven2/org/ow2/asm/asm-tree/9.5/asm-tree-9.5.jar
Progress (4): 0.4/1.6 MB | 569/855 kB | 655/843 kB | 115/122 kB
Progress (5): 0.4/1.6 MB | 569/855 kB | 655/843 kB | 115/122 kB | 7.7/52 kB
Progress (5): 0.4/1.6 MB | 569/855 kB | 655/843 kB | 115/122 kB | 7.7/52 kB
Progress (5): 0.4/1.6 MB | 569/855 kB | 655/843 kB | 115/122 kB | 24/52 kB 
Progress (5): 0.4/1.6 MB | 569/855 kB | 671/843 kB | 115/122 kB | 24/52 kB
Progress (5): 0.5/1.6 MB | 569/855 kB | 671/843 kB | 115/122 kB | 24/52 kB
Progress (5): 0.5/1.6 MB | 569/855 kB | 671/843 kB | 115/122 kB | 40/52 kB
Progress (5): 0.5/1.6 MB | 569/855 kB | 671/843 kB | 122 kB | 40/52 kB    
                                                                      
Downloaded from central: https://repo.maven.apache.org/maven2/org/ow2/asm/asm/9.5/asm-9.5.jar (122 kB at 8.3 kB/s)
Downloading from central: https://repo.maven.apache.org/maven2/org/apache/maven/shared/maven-dependency-tree/3.2.1/maven-dependency-tree-3.2.1.jar
Progress (4): 0.5/1.6 MB | 569/855 kB | 671/843 kB | 52 kB
                                                          
Downloaded from central: https://repo.maven.apache.org/maven2/org/ow2/asm/asm-tree/9.5/asm-tree-9.5.jar (52 kB at 3.5 kB/s)
Downloading from central: https://repo.maven.apache.org/maven2/commons-io/commons-io/2.13.0/commons-io-2.13.0.jar
Progress (3): 0.5/1.6 MB | 585/855 kB | 671/843 kB
Progress (3): 0.5/1.6 MB | 585/855 kB | 688/843 kB
Progress (4): 0.5/1.6 MB | 585/855 kB | 688/843 kB | 7.7/43 kB
Progress (4): 0.5/1.6 MB | 585/855 kB | 688/843 kB | 12/43 kB 
Progress (5): 0.5/1.6 MB | 585/855 kB | 688/843 kB | 12/43 kB | 7.7/484 kB
Progress (5): 0.5/1.6 MB | 585/855 kB | 688/843 kB | 12/43 kB | 16/484 kB 
Progress (5): 0.5/1.6 MB | 602/855 kB | 688/843 kB | 12/43 kB | 16/484 kB
Progress (5): 0.5/1.6 MB | 602/855 kB | 688/843 kB | 12/43 kB | 25/484 kB
Progress (5): 0.5/1.6 MB | 602/855 kB | 688/843 kB | 12/43 kB | 25/484 kB
Progress (5): 0.5/1.6 MB | 602/855 kB | 688/843 kB | 29/43 kB | 25/484 kB
Progress (5): 0.5/1.6 MB | 602/855 kB | 688/843 kB | 29/43 kB | 41/484 kB
Progress (5): 0.5/1.6 MB | 602/855 kB | 688/843 kB | 43 kB | 41/484 kB   
                                                                      
Downloaded from central: https://repo.maven.apache.org/maven2/org/apache/maven/shared/maven-dependency-tree/3.2.1/maven-dependency-tree-3.2.1.jar (43 kB at 2.8 kB/s)
Downloading from central: https://repo.maven.apache.org/maven2/org/vafer/jdependency/2.8.0/jdependency-2.8.0.jar
Progress (4): 0.5/1.6 MB | 602/855 kB | 688/843 kB | 57/484 kB
Progress (4): 0.5/1.6 MB | 602/855 kB | 688/843 kB | 74/484 kB
Progress (4): 0.5/1.6 MB | 602/855 kB | 704/843 kB | 74/484 kB
Progress (4): 0.5/1.6 MB | 618/855 kB | 704/843 kB | 74/484 kB
Progress (4): 0.5/1.6 MB | 618/855 kB | 704/843 kB | 90/484 kB
Progress (4): 0.5/1.6 MB | 618/855 kB | 704/843 kB | 106/484 kB
Progress (5): 0.5/1.6 MB | 618/855 kB | 704/843 kB | 106/484 kB | 7.7/233 kB
Progress (5): 0.5/1.6 MB | 618/855 kB | 704/843 kB | 106/484 kB | 12/233 kB 
Progress (5): 0.5/1.6 MB | 618/855 kB | 720/843 kB | 106/484 kB | 12/233 kB
Progress (5): 0.5/1.6 MB | 618/855 kB | 720/843 kB | 123/484 kB | 12/233 kB
Progress (5): 0.5/1.6 MB | 618/855 kB | 720/843 kB | 123/484 kB | 29/233 kB
Progress (5): 0.5/1.6 MB | 618/855 kB | 720/843 kB | 131/484 kB | 29/233 kB
Progress (5): 0.5/1.6 MB | 618/855 kB | 720/843 kB | 147/484 kB | 29/233 kB
Progress (5): 0.5/1.6 MB | 618/855 kB | 720/843 kB | 147/484 kB | 29/233 kB
Progress (5): 0.5/1.6 MB | 618/855 kB | 720/843 kB | 164/484 kB | 29/233 kB
Progress (5): 0.5/1.6 MB | 635/855 kB | 720/843 kB | 164/484 kB | 29/233 kB
Progress (5): 0.5/1.6 MB | 635/855 kB | 720/843 kB | 180/484 kB | 29/233 kB
Progress (5): 0.5/1.6 MB | 635/855 kB | 737/843 kB | 180/484 kB | 29/233 kB
Progress (5): 0.5/1.6 MB | 635/855 kB | 737/843 kB | 197/484 kB | 29/233 kB
Progress (5): 0.5/1.6 MB | 635/855 kB | 737/843 kB | 197/484 kB | 45/233 kB
Progress (5): 0.5/1.6 MB | 635/855 kB | 737/843 kB | 213/484 kB | 45/233 kB
Progress (5): 0.5/1.6 MB | 635/855 kB | 737/843 kB | 213/484 kB | 61/233 kB
Progress (5): 0.5/1.6 MB | 635/855 kB | 753/843 kB | 213/484 kB | 61/233 kB
Progress (5): 0.5/1.6 MB | 635/855 kB | 753/843 kB | 229/484 kB | 61/233 kB
Progress (5): 0.5/1.6 MB | 635/855 kB | 753/843 kB | 246/484 kB | 61/233 kB
Progress (5): 0.5/1.6 MB | 651/855 kB | 753/843 kB | 246/484 kB | 61/233 kB
Progress (5): 0.5/1.6 MB | 651/855 kB | 753/843 kB | 246/484 kB | 78/233 kB
Progress (5): 0.5/1.6 MB | 651/855 kB | 753/843 kB | 246/484 kB | 78/233 kB
Progress (5): 0.5/1.6 MB | 651/855 kB | 753/843 kB | 262/484 kB | 78/233 kB
Progress (5): 0.5/1.6 MB | 651/855 kB | 753/843 kB | 279/484 kB | 78/233 kB
Progress (5): 0.5/1.6 MB | 651/855 kB | 753/843 kB | 279/484 kB | 94/233 kB
Progress (5): 0.5/1.6 MB | 651/855 kB | 753/843 kB | 295/484 kB | 94/233 kB
Progress (5): 0.5/1.6 MB | 651/855 kB | 753/843 kB | 311/484 kB | 94/233 kB
Progress (5): 0.5/1.6 MB | 651/855 kB | 770/843 kB | 311/484 kB | 94/233 kB
Progress (5): 0.5/1.6 MB | 667/855 kB | 770/843 kB | 311/484 kB | 94/233 kB
Progress (5): 0.5/1.6 MB | 667/855 kB | 770/843 kB | 311/484 kB | 111/233 kB
Progress (5): 0.5/1.6 MB | 667/855 kB | 770/843 kB | 328/484 kB | 111/233 kB
Progress (5): 0.5/1.6 MB | 667/855 kB | 770/843 kB | 328/484 kB | 127/233 kB
Progress (5): 0.5/1.6 MB | 667/855 kB | 770/843 kB | 344/484 kB | 127/233 kB
Progress (5): 0.5/1.6 MB | 667/855 kB | 770/843 kB | 360/484 kB | 127/233 kB
Progress (5): 0.5/1.6 MB | 667/855 kB | 786/843 kB | 360/484 kB | 127/233 kB
Progress (5): 0.5/1.6 MB | 667/855 kB | 786/843 kB | 377/484 kB | 127/233 kB
Progress (5): 0.5/1.6 MB | 684/855 kB | 786/843 kB | 377/484 kB | 127/233 kB
Progress (5): 0.5/1.6 MB | 684/855 kB | 786/843 kB | 377/484 kB | 143/233 kB
Progress (5): 0.5/1.6 MB | 684/855 kB | 802/843 kB | 377/484 kB | 143/233 kB
Progress (5): 0.5/1.6 MB | 684/855 kB | 802/843 kB | 393/484 kB | 143/233 kB
Progress (5): 0.5/1.6 MB | 684/855 kB | 802/843 kB | 393/484 kB | 160/233 kB
Progress (5): 0.5/1.6 MB | 700/855 kB | 802/843 kB | 393/484 kB | 160/233 kB
Progress (5): 0.5/1.6 MB | 700/855 kB | 802/843 kB | 410/484 kB | 160/233 kB
Progress (5): 0.5/1.6 MB | 700/855 kB | 802/843 kB | 410/484 kB | 176/233 kB
Progress (5): 0.5/1.6 MB | 700/855 kB | 819/843 kB | 410/484 kB | 176/233 kB
Progress (5): 0.5/1.6 MB | 700/855 kB | 819/843 kB | 426/484 kB | 176/233 kB
Progress (5): 0.5/1.6 MB | 700/855 kB | 819/843 kB | 442/484 kB | 176/233 kB
Progress (5): 0.5/1.6 MB | 716/855 kB | 819/843 kB | 442/484 kB | 176/233 kB
Progress (5): 0.5/1.6 MB | 716/855 kB | 819/843 kB | 442/484 kB | 193/233 kB
Progress (5): 0.5/1.6 MB | 716/855 kB | 819/843 kB | 459/484 kB | 193/233 kB
Progress (5): 0.5/1.6 MB | 716/855 kB | 835/843 kB | 459/484 kB | 193/233 kB
Progress (5): 0.5/1.6 MB | 716/855 kB | 843 kB | 459/484 kB | 193/233 kB    
                                                                        
Downloaded from central: https://repo.maven.apache.org/maven2/org/apache/httpcomponents/client5/httpclient5/5.2.3/httpclient5-5.2.3.jar (843 kB at 44 kB/s)
Progress (4): 0.5/1.6 MB | 716/855 kB | 475/484 kB | 193/233 kB
Progress (4): 0.5/1.6 MB | 733/855 kB | 475/484 kB | 193/233 kB
Progress (4): 0.5/1.6 MB | 733/855 kB | 475/484 kB | 209/233 kB
Progress (4): 0.5/1.6 MB | 733/855 kB | 475/484 kB | 225/233 kB
Progress (4): 0.5/1.6 MB | 733/855 kB | 475/484 kB | 225/233 kB
Progress (4): 0.5/1.6 MB | 733/855 kB | 484 kB | 225/233 kB    
                                                           
Downloaded from central: https://repo.maven.apache.org/maven2/commons-io/commons-io/2.13.0/commons-io-2.13.0.jar (484 kB at 25 kB/s)
Progress (3): 0.5/1.6 MB | 749/855 kB | 225/233 kB
Progress (3): 0.5/1.6 MB | 749/855 kB | 233 kB    
                                              
Downloaded from central: https://repo.maven.apache.org/maven2/org/vafer/jdependency/2.8.0/jdependency-2.8.0.jar (233 kB at 12 kB/s)
Progress (2): 0.5/1.6 MB | 766/855 kB
Progress (2): 0.5/1.6 MB | 782/855 kB
Progress (2): 0.5/1.6 MB | 782/855 kB
Progress (2): 0.5/1.6 MB | 798/855 kB
Progress (2): 0.5/1.6 MB | 815/855 kB
Progress (2): 0.5/1.6 MB | 831/855 kB
Progress (2): 0.5/1.6 MB | 848/855 kB
Progress (2): 0.5/1.6 MB | 855 kB    
                                 
Downloaded from central: https://repo.maven.apache.org/maven2/org/apache/httpcomponents/core5/httpcore5/5.2.4/httpcore5-5.2.4.jar (855 kB at 42 kB/s)
Progress (1): 0.6/1.6 MB
Progress (1): 0.6/1.6 MB
Progress (1): 0.6/1.6 MB
Progress (1): 0.6/1.6 MB
Progress (1): 0.6/1.6 MB
Progress (1): 0.6/1.6 MB
Progress (1): 0.7/1.6 MB
Progress (1): 0.7/1.6 MB
Progress (1): 0.7/1.6 MB
Progress (1): 0.7/1.6 MB
Progress (1): 0.7/1.6 MB
Progress (1): 0.7/1.6 MB
Progress (1): 0.8/1.6 MB
Progress (1): 0.8/1.6 MB
Progress (1): 0.8/1.6 MB
Progress (1): 0.8/1.6 MB
Progress (1): 0.8/1.6 MB
Progress (1): 0.8/1.6 MB
Progress (1): 0.9/1.6 MB
Progress (1): 0.9/1.6 MB
Progress (1): 0.9/1.6 MB
Progress (1): 0.9/1.6 MB
Progress (1): 0.9/1.6 MB
Progress (1): 0.9/1.6 MB
Progress (1): 1.0/1.6 MB
Progress (1): 1.0/1.6 MB
Progress (1): 1.0/1.6 MB
Progress (1): 1.0/1.6 MB
Progress (1): 1.0/1.6 MB
Progress (1): 1.0/1.6 MB
Progress (1): 1.0/1.6 MB
Progress (1): 1.1/1.6 MB
Progress (1): 1.1/1.6 MB
Progress (1): 1.1/1.6 MB
Progress (1): 1.1/1.6 MB
Progress (1): 1.1/1.6 MB
Progress (1): 1.1/1.6 MB
Progress (1): 1.2/1.6 MB
Progress (1): 1.2/1.6 MB
Progress (1): 1.2/1.6 MB
Progress (1): 1.2/1.6 MB
Progress (1): 1.2/1.6 MB
Progress (1): 1.2/1.6 MB
Progress (1): 1.3/1.6 MB
Progress (1): 1.3/1.6 MB
Progress (1): 1.3/1.6 MB
Progress (1): 1.3/1.6 MB
Progress (1): 1.3/1.6 MB
Progress (1): 1.3/1.6 MB
Progress (1): 1.4/1.6 MB
Progress (1): 1.4/1.6 MB
Progress (1): 1.4/1.6 MB
Progress (1): 1.4/1.6 MB
Progress (1): 1.4/1.6 MB
Progress (1): 1.4/1.6 MB
Progress (1): 1.5/1.6 MB
Progress (1): 1.5/1.6 MB
Progress (1): 1.5/1.6 MB
Progress (1): 1.5/1.6 MB
Progress (1): 1.5/1.6 MB
Progress (1): 1.5/1.6 MB
Progress (1): 1.6/1.6 MB
Progress (1): 1.6/1.6 MB
Progress (1): 1.6/1.6 MB
Progress (1): 1.6/1.6 MB
Progress (1): 1.6 MB    
                    
Downloaded from central: https://repo.maven.apache.org/maven2/com/fasterxml/jackson/core/jackson-databind/2.14.2/jackson-databind-2.14.2.jar (1.6 MB at 53 kB/s)
[INFO] Attaching agents: []

  .   ____          _            __ _ _
 /\\ / ___'_ __ _ _(_)_ __  __ _ \ \ \ \
( ( )\___ | '_ | '_| | '_ \/ _` | \ \ \ \
 \\/  ___)| |_)| | | | | || (_| |  ) ) ) )
  '  |____| .__|_| |_|_| |_\__, | / / / /
 =========|_|==============|___/=/_/_/_/
 :: Spring Boot ::                (v3.2.5)

2026-05-12T22:26:43.551+05:30  INFO 8624 --- [readingbuddy] [           main] c.readingbuddy.ReadingBuddyApplication   : Starting ReadingBuddyApplication using Java 21.0.5 with PID 8624 (D:\ReadingBuddy\readingbuddy-spring\target\classes started by Oshan in D:\ReadingBuddy\readingbuddy-spring)
2026-05-12T22:26:43.553+05:30  INFO 8624 --- [readingbuddy] [           main] c.readingbuddy.ReadingBuddyApplication   : No active profile set, falling back to 1 default profile: "default"
2026-05-12T22:26:44.252+05:30  INFO 8624 --- [readingbuddy] [           main] .s.d.r.c.RepositoryConfigurationDelegate : Bootstrapping Spring Data JPA repositories in DEFAULT mode.
2026-05-12T22:26:44.323+05:30  INFO 8624 --- [readingbuddy] [           main] .s.d.r.c.RepositoryConfigurationDelegate : Finished Spring Data repository scanning in 65 ms. Found 5 JPA repository interfaces.
2026-05-12T22:26:44.828+05:30  INFO 8624 --- [readingbuddy] [           main] o.s.b.w.embedded.tomcat.TomcatWebServer  : Tomcat initialized with port 8080 (http)
2026-05-12T22:26:44.841+05:30  INFO 8624 --- [readingbuddy] [           main] o.apache.catalina.core.StandardService   : Starting service [Tomcat]
2026-05-12T22:26:44.841+05:30  INFO 8624 --- [readingbuddy] [           main] o.apache.catalina.core.StandardEngine    : Starting Servlet engine: [Apache Tomcat/10.1.20]
2026-05-12T22:26:44.913+05:30  INFO 8624 --- [readingbuddy] [           main] o.a.c.c.C.[Tomcat].[localhost].[/]       : Initializing Spring embedded WebApplicationContext
2026-05-12T22:26:44.913+05:30  INFO 8624 --- [readingbuddy] [           main] w.s.c.ServletWebServerApplicationContext : Root WebApplicationContext: initialization completed in 1309 ms
2026-05-12T22:26:45.011+05:30  INFO 8624 --- [readingbuddy] [           main] o.hibernate.jpa.internal.util.LogHelper  : HHH000204: Processing PersistenceUnitInfo [name: default]
2026-05-12T22:26:45.051+05:30  INFO 8624 --- [readingbuddy] [           main] org.hibernate.Version                    : HHH000412: Hibernate ORM core version 6.4.4.Final
2026-05-12T22:26:45.073+05:30  INFO 8624 --- [readingbuddy] [           main] o.h.c.internal.RegionFactoryInitiator    : HHH000026: Second-level cache disabled
2026-05-12T22:26:45.273+05:30  INFO 8624 --- [readingbuddy] [           main] o.s.o.j.p.SpringPersistenceUnitInfo      : No LoadTimeWeaver setup: ignoring JPA class transformer
2026-05-12T22:26:45.294+05:30  INFO 8624 --- [readingbuddy] [           main] com.zaxxer.hikari.HikariDataSource       : HikariPool-1 - Starting...
2026-05-12T22:26:45.622+05:30  INFO 8624 --- [readingbuddy] [           main] com.zaxxer.hikari.pool.HikariPool        : HikariPool-1 - Added connection conn1: url=jdbc:h2:file:./readingbuddy user=SA
2026-05-12T22:26:45.624+05:30  INFO 8624 --- [readingbuddy] [           main] com.zaxxer.hikari.HikariDataSource       : HikariPool-1 - Start completed.
2026-05-12T22:26:45.651+05:30  WARN 8624 --- [readingbuddy] [           main] org.hibernate.orm.deprecation            : HHH90000025: H2Dialect does not need to be specified explicitly using 'hibernate.dialect' (remove the property setting and it will be selected by default)
2026-05-12T22:26:47.910+05:30  INFO 8624 --- [readingbuddy] [           main] o.h.e.t.j.p.i.JtaPlatformInitiator       : HHH000489: No JTA platform available (set 'hibernate.transaction.jta.platform' to enable JTA platform integration)
2026-05-12T22:26:48.088+05:30  INFO 8624 --- [readingbuddy] [           main] j.LocalContainerEntityManagerFactoryBean : Initialized JPA EntityManagerFactory for persistence unit 'default'
2026-05-12T22:26:48.670+05:30  INFO 8624 --- [readingbuddy] [           main] o.s.b.a.h2.H2ConsoleAutoConfiguration    : H2 console available at '/h2-console'. Database available at 'jdbc:h2:file:./readingbuddy'
2026-05-12T22:26:48.725+05:30  INFO 8624 --- [readingbuddy] [           main] o.s.boot.web.servlet.RegistrationBean    : Filter jwtFilterRegistration was not registered (disabled)
2026-05-12T22:26:49.558+05:30  WARN 8624 --- [readingbuddy] [           main] JpaBaseConfiguration$JpaWebConfiguration : spring.jpa.open-in-view is enabled by default. Therefore, database queries may be performed during view rendering. Explicitly configure spring.jpa.open-in-view to disable this warning
2026-05-12T22:26:50.209+05:30  INFO 8624 --- [readingbuddy] [           main] o.s.s.web.DefaultSecurityFilterChain     : Will secure any request with [org.springframework.security.web.session.DisableEncodeUrlFilter@25291901, org.springframework.security.web.context.request.async.WebAsyncManagerIntegrationFilter@a6d4547, org.springframework.security.web.context.SecurityContextHolderFilter@53ce27fa, org.springframework.security.web.header.HeaderWriterFilter@1e387974, org.springframework.web.filter.CorsFilter@701996e9, org.springframework.security.web.authentication.logout.LogoutFilter@79d3fb99, com.readingbuddy.security.JwtCookieFilter@32eb38e5, org.springframework.security.web.savedrequest.RequestCacheAwareFilter@1ab780fd, org.springframework.security.web.servletapi.SecurityContextHolderAwareRequestFilter@6b8683b8, org.springframework.security.web.authentication.AnonymousAuthenticationFilter@23263586, org.springframework.security.web.session.SessionManagementFilter@1267adbe, org.springframework.security.web.access.ExceptionTranslationFilter@69c7eafd, org.springframework.security.web.access.intercept.AuthorizationFilter@22f1a340]
2026-05-12T22:26:50.803+05:30  INFO 8624 --- [readingbuddy] [           main] o.s.b.w.embedded.tomcat.TomcatWebServer  : Tomcat started on port 8080 (http) with context path ''
2026-05-12T22:26:50.835+05:30  INFO 8624 --- [readingbuddy] [           main] c.readingbuddy.ReadingBuddyApplication   : Started ReadingBuddyApplication in 7.625 seconds (process running for 7.981)
